
Copyright (C) 1994-2019 Synopsys, Inc.
This Synopsys software and all associated documentation are proprietary to Synopsys, Inc.
and may only be used pursuant to the terms and conditions of a written license agreement
with Synopsys, Inc. All other use, reproduction, modification, or distribution of the
Synopsys software or the associated documentation is strictly prohibited.
Tool: Synplify Pro (R)
Build: P-2019.03P-Beta2
Install: C:\pango\PDS_2019.1-patch11\syn
OS: Windows 6.2

Hostname: 1FIX62AK6M9QF8G

Implementation : synplify_impl
Synopsys HDL compiler and linker, Version comp2019q1p1, Build 007R, Built Feb 26 2019 11:45:06

Modified Files: 181
FID:  path (prevtimestamp, timestamp)
309      C:\Users\Administrator.1FIX62AK6M9QF8G\Desktop\fpga\my_video_v5.0\ipcore\APM_11mult11\APM_11mult11.v (2019-10-15 00:53:40, N/A)
310      C:\Users\Administrator.1FIX62AK6M9QF8G\Desktop\fpga\my_video_v5.0\ipcore\APM_11mult11\rtl\ipml_mult_v1_1.v (2019-10-15 00:53:40, N/A)
311      C:\Users\Administrator.1FIX62AK6M9QF8G\Desktop\fpga\my_video_v5.0\ipcore\APM_multi_add_s16\APM_multi_add_s16.v (2019-11-10 21:23:54, N/A)
312      C:\Users\Administrator.1FIX62AK6M9QF8G\Desktop\fpga\my_video_v5.0\ipcore\APM_multi_add_s16\rtl\ipml_multadd_v1_1.v (2019-11-10 21:23:54, N/A)
389      C:\Users\Administrator.1FIX62AK6M9QF8G\Desktop\fpga\my_video_v5.0\ipcore\APM_s16_mult_us8\APM_s16_mult_us8.v (2019-11-20 15:56:55, N/A)
390      C:\Users\Administrator.1FIX62AK6M9QF8G\Desktop\fpga\my_video_v5.0\ipcore\APM_s8_mult_us8\APM_s8_mult_us8.v (2019-11-20 15:54:00, N/A)
313      C:\Users\Administrator.1FIX62AK6M9QF8G\Desktop\fpga\my_video_v5.0\ipcore\afifo_16i_64o_512\afifo_16i_64o_512.v (2019-11-18 17:07:15, N/A)
314      C:\Users\Administrator.1FIX62AK6M9QF8G\Desktop\fpga\my_video_v5.0\ipcore\afifo_16i_64o_512\rtl\ipml_fifo_ctrl_v1_3.v (2019-06-17 17:36:48, N/A)
315      C:\Users\Administrator.1FIX62AK6M9QF8G\Desktop\fpga\my_video_v5.0\ipcore\afifo_16i_64o_512\rtl\ipml_fifo_v1_4_afifo_16i_64o_512.v (2019-11-18 17:07:15, N/A)
316      C:\Users\Administrator.1FIX62AK6M9QF8G\Desktop\fpga\my_video_v5.0\ipcore\afifo_16i_64o_512\rtl\ipml_sdpram_v1_4_afifo_16i_64o_512.v (2019-11-18 17:07:15, N/A)
317      C:\Users\Administrator.1FIX62AK6M9QF8G\Desktop\fpga\my_video_v5.0\ipcore\afifo_64i_16o_128\afifo_64i_16o_128.v (2019-09-27 11:50:56, N/A)
318      C:\Users\Administrator.1FIX62AK6M9QF8G\Desktop\fpga\my_video_v5.0\ipcore\afifo_64i_16o_128\rtl\ipml_fifo_v1_4_afifo_64i_16o_128.v (2019-09-27 11:50:56, N/A)
319      C:\Users\Administrator.1FIX62AK6M9QF8G\Desktop\fpga\my_video_v5.0\ipcore\afifo_64i_16o_128\rtl\ipml_sdpram_v1_4_afifo_64i_16o_128.v (2019-09-27 11:50:56, N/A)
320      C:\Users\Administrator.1FIX62AK6M9QF8G\Desktop\fpga\my_video_v5.0\ipcore\afifo_64i_64o_512\afifo_64i_64o_512.v (2019-11-19 18:21:19, N/A)
321      C:\Users\Administrator.1FIX62AK6M9QF8G\Desktop\fpga\my_video_v5.0\ipcore\afifo_64i_64o_512\rtl\ipml_fifo_v1_4_afifo_64i_64o_512.v (2019-11-19 18:21:19, N/A)
322      C:\Users\Administrator.1FIX62AK6M9QF8G\Desktop\fpga\my_video_v5.0\ipcore\afifo_64i_64o_512\rtl\ipml_sdpram_v1_4_afifo_64i_64o_512.v (2019-11-19 18:21:19, N/A)
323      C:\Users\Administrator.1FIX62AK6M9QF8G\Desktop\fpga\my_video_v5.0\ipcore\afifo_8in8out\afifo_8in8out.v (2019-11-12 22:31:29, N/A)
324      C:\Users\Administrator.1FIX62AK6M9QF8G\Desktop\fpga\my_video_v5.0\ipcore\afifo_8in8out\rtl\ipm_distributed_fifo_ctr_v1_0.v (2019-06-17 17:37:00, N/A)
325      C:\Users\Administrator.1FIX62AK6M9QF8G\Desktop\fpga\my_video_v5.0\ipcore\afifo_8in8out\rtl\ipm_distributed_fifo_v1_2_afifo_8in8out.v (2019-11-12 22:31:29, N/A)
326      C:\Users\Administrator.1FIX62AK6M9QF8G\Desktop\fpga\my_video_v5.0\ipcore\afifo_8in8out\rtl\ipm_distributed_sdpram_v1_2_afifo_8in8out.v (2019-11-12 22:31:29, N/A)
327      C:\Users\Administrator.1FIX62AK6M9QF8G\Desktop\fpga\my_video_v5.0\ipcore\ddr3\ddr3.v (2019-11-19 16:47:34, N/A)
328      C:\Users\Administrator.1FIX62AK6M9QF8G\Desktop\fpga\my_video_v5.0\ipcore\ddr3\rtl\ipsl_ddrc_apb_reset.v (2019-11-14 23:47:04, N/A)
329      C:\Users\Administrator.1FIX62AK6M9QF8G\Desktop\fpga\my_video_v5.0\ipcore\ddr3\rtl\ipsl_ddrc_reset_ctrl.v (2019-11-14 23:47:04, N/A)
330      C:\Users\Administrator.1FIX62AK6M9QF8G\Desktop\fpga\my_video_v5.0\ipcore\ddr3\rtl\ipsl_ddrphy_dll_update_ctrl.v (2019-11-14 23:47:04, N/A)
331      C:\Users\Administrator.1FIX62AK6M9QF8G\Desktop\fpga\my_video_v5.0\ipcore\ddr3\rtl\ipsl_ddrphy_reset_ctrl.v (2019-11-14 23:47:04, N/A)
332      C:\Users\Administrator.1FIX62AK6M9QF8G\Desktop\fpga\my_video_v5.0\ipcore\ddr3\rtl\ipsl_ddrphy_training_ctrl.v (2019-11-14 23:47:04, N/A)
333      C:\Users\Administrator.1FIX62AK6M9QF8G\Desktop\fpga\my_video_v5.0\ipcore\ddr3\rtl\ipsl_ddrphy_update_ctrl.v (2019-11-14 23:47:04, N/A)
334      C:\Users\Administrator.1FIX62AK6M9QF8G\Desktop\fpga\my_video_v5.0\ipcore\ddr3\rtl\ipsl_hmemc_ddrc_top.v (2019-11-14 23:47:04, N/A)
335      C:\Users\Administrator.1FIX62AK6M9QF8G\Desktop\fpga\my_video_v5.0\ipcore\ddr3\rtl\ipsl_hmemc_phy_top.v (2019-11-14 23:47:04, N/A)
336      C:\Users\Administrator.1FIX62AK6M9QF8G\Desktop\fpga\my_video_v5.0\ipcore\ddr3\rtl\ipsl_phy_io.v (2019-11-14 23:47:04, N/A)
337      C:\Users\Administrator.1FIX62AK6M9QF8G\Desktop\fpga\my_video_v5.0\ipcore\ddr3\rtl\pll\pll_50_400.v (2019-11-19 16:47:34, N/A)
393      C:\Users\Administrator.1FIX62AK6M9QF8G\Desktop\fpga\my_video_v5.0\ipcore\fifo_16i_16o\fifo_16i_16o.v (2019-11-23 15:52:43, N/A)
394      C:\Users\Administrator.1FIX62AK6M9QF8G\Desktop\fpga\my_video_v5.0\ipcore\fifo_16i_16o\rtl\ipml_fifo_v1_4_fifo_16i_16o.v (2019-11-23 15:52:43, N/A)
395      C:\Users\Administrator.1FIX62AK6M9QF8G\Desktop\fpga\my_video_v5.0\ipcore\fifo_16i_16o\rtl\ipml_sdpram_v1_4_fifo_16i_16o.v (2019-11-23 15:52:43, N/A)
338      C:\Users\Administrator.1FIX62AK6M9QF8G\Desktop\fpga\my_video_v5.0\ipcore\fifo_22i_22o\fifo_22i_22o.v (2019-11-19 00:25:09, N/A)
339      C:\Users\Administrator.1FIX62AK6M9QF8G\Desktop\fpga\my_video_v5.0\ipcore\fifo_22i_22o\rtl\ipml_fifo_v1_4_fifo_22i_22o.v (2019-11-19 00:25:09, N/A)
340      C:\Users\Administrator.1FIX62AK6M9QF8G\Desktop\fpga\my_video_v5.0\ipcore\fifo_22i_22o\rtl\ipml_sdpram_v1_4_fifo_22i_22o.v (2019-11-19 00:25:09, N/A)
341      C:\Users\Administrator.1FIX62AK6M9QF8G\Desktop\fpga\my_video_v5.0\ipcore\fifo_26i_26o\fifo_26i_26o.v (2019-10-30 13:03:24, N/A)
342      C:\Users\Administrator.1FIX62AK6M9QF8G\Desktop\fpga\my_video_v5.0\ipcore\fifo_26i_26o\rtl\ipml_fifo_v1_4_fifo_26i_26o.v (2019-10-30 13:03:24, N/A)
343      C:\Users\Administrator.1FIX62AK6M9QF8G\Desktop\fpga\my_video_v5.0\ipcore\fifo_26i_26o\rtl\ipml_sdpram_v1_4_fifo_26i_26o.v (2019-10-30 13:03:24, N/A)
396      C:\Users\Administrator.1FIX62AK6M9QF8G\Desktop\fpga\my_video_v5.0\ipcore\fifo_30i_30o\fifo_30i_30o.v (2019-11-21 09:26:02, N/A)
397      C:\Users\Administrator.1FIX62AK6M9QF8G\Desktop\fpga\my_video_v5.0\ipcore\fifo_30i_30o\rtl\ipml_fifo_v1_4_fifo_30i_30o.v (2019-11-21 09:26:02, N/A)
398      C:\Users\Administrator.1FIX62AK6M9QF8G\Desktop\fpga\my_video_v5.0\ipcore\fifo_30i_30o\rtl\ipml_sdpram_v1_4_fifo_30i_30o.v (2019-11-21 09:26:02, N/A)
404      C:\Users\Administrator.1FIX62AK6M9QF8G\Desktop\fpga\my_video_v5.0\ipcore\fifo_38i_38o\fifo_38i_38o.v (2019-11-23 14:10:05, N/A)
405      C:\Users\Administrator.1FIX62AK6M9QF8G\Desktop\fpga\my_video_v5.0\ipcore\fifo_38i_38o\rtl\ipml_fifo_v1_4_fifo_38i_38o.v (2019-11-23 14:10:04, N/A)
406      C:\Users\Administrator.1FIX62AK6M9QF8G\Desktop\fpga\my_video_v5.0\ipcore\fifo_38i_38o\rtl\ipml_sdpram_v1_4_fifo_38i_38o.v (2019-11-23 14:10:04, N/A)
399      C:\Users\Administrator.1FIX62AK6M9QF8G\Desktop\fpga\my_video_v5.0\ipcore\fifo_64i_64o\fifo_64i_64o.v (2019-11-21 09:30:43, N/A)
400      C:\Users\Administrator.1FIX62AK6M9QF8G\Desktop\fpga\my_video_v5.0\ipcore\fifo_64i_64o\rtl\ipml_fifo_v1_4_fifo_64i_64o.v (2019-11-21 09:30:43, N/A)
401      C:\Users\Administrator.1FIX62AK6M9QF8G\Desktop\fpga\my_video_v5.0\ipcore\fifo_64i_64o\rtl\ipml_sdpram_v1_4_fifo_64i_64o.v (2019-11-21 09:30:43, N/A)
344      C:\Users\Administrator.1FIX62AK6M9QF8G\Desktop\fpga\my_video_v5.0\ipcore\osd_rom\osd_rom.v (2019-11-16 20:19:38, N/A)
345      C:\Users\Administrator.1FIX62AK6M9QF8G\Desktop\fpga\my_video_v5.0\ipcore\osd_rom\rtl\ipml_rom_v1_3_osd_rom.v (2019-11-16 20:19:38, N/A)
346      C:\Users\Administrator.1FIX62AK6M9QF8G\Desktop\fpga\my_video_v5.0\ipcore\osd_rom\rtl\ipml_spram_v1_3_osd_rom.v (2019-11-16 20:19:38, N/A)
347      C:\Users\Administrator.1FIX62AK6M9QF8G\Desktop\fpga\my_video_v5.0\ipcore\osd_rom\rtl\osd_rom_init_param.v (2019-11-16 20:19:39, N/A)
348      C:\Users\Administrator.1FIX62AK6M9QF8G\Desktop\fpga\my_video_v5.0\ipcore\video_pll\video_pll.v (2019-11-11 23:05:51, N/A)
349      C:\Users\Administrator.1FIX62AK6M9QF8G\Desktop\fpga\my_video_v5.0\source\aq_axi_master.v (2019-10-29 09:48:32, N/A)
350      C:\Users\Administrator.1FIX62AK6M9QF8G\Desktop\fpga\my_video_v5.0\source\cmos_8_16bit.v (2017-07-25 12:32:56, N/A)
351      C:\Users\Administrator.1FIX62AK6M9QF8G\Desktop\fpga\my_video_v5.0\source\cmos_write_req_gen.v (2019-10-05 14:38:24, N/A)
352      C:\Users\Administrator.1FIX62AK6M9QF8G\Desktop\fpga\my_video_v5.0\source\dvi_tx\color_bar.v (2019-10-22 19:05:14, N/A)
353      C:\Users\Administrator.1FIX62AK6M9QF8G\Desktop\fpga\my_video_v5.0\source\dvi_tx\dvi_encoder.v (2018-02-28 18:33:24, N/A)
354      C:\Users\Administrator.1FIX62AK6M9QF8G\Desktop\fpga\my_video_v5.0\source\dvi_tx\encode.v (2008-07-24 16:13:50, N/A)
355      C:\Users\Administrator.1FIX62AK6M9QF8G\Desktop\fpga\my_video_v5.0\source\dvi_tx\serdes_4b_10to1.v (2019-05-06 16:15:18, N/A)
356      C:\Users\Administrator.1FIX62AK6M9QF8G\Desktop\fpga\my_video_v5.0\source\dvi_tx\video_define.v (2019-11-11 23:04:14, N/A)
357      C:\Users\Administrator.1FIX62AK6M9QF8G\Desktop\fpga\my_video_v5.0\source\dvi_tx\video_timing_data.v (2017-07-25 12:32:56, N/A)
358      C:\Users\Administrator.1FIX62AK6M9QF8G\Desktop\fpga\my_video_v5.0\source\frame_fifo_read.v (2019-11-18 16:38:25, N/A)
359      C:\Users\Administrator.1FIX62AK6M9QF8G\Desktop\fpga\my_video_v5.0\source\frame_fifo_write.v (2019-10-24 00:30:36, N/A)
360      C:\Users\Administrator.1FIX62AK6M9QF8G\Desktop\fpga\my_video_v5.0\source\frame_read_write.v (2019-11-19 11:15:13, N/A)
361      C:\Users\Administrator.1FIX62AK6M9QF8G\Desktop\fpga\my_video_v5.0\source\i2c_master\i2c_config.v (2017-07-25 12:32:56, N/A)
362      C:\Users\Administrator.1FIX62AK6M9QF8G\Desktop\fpga\my_video_v5.0\source\i2c_master\i2c_master_bit_ctrl.v (2017-07-25 12:32:56, N/A)
363      C:\Users\Administrator.1FIX62AK6M9QF8G\Desktop\fpga\my_video_v5.0\source\i2c_master\i2c_master_byte_ctrl.v (2017-07-25 12:32:56, N/A)
364      C:\Users\Administrator.1FIX62AK6M9QF8G\Desktop\fpga\my_video_v5.0\source\i2c_master\i2c_master_defines.v (2017-07-25 12:32:56, N/A)
365      C:\Users\Administrator.1FIX62AK6M9QF8G\Desktop\fpga\my_video_v5.0\source\i2c_master\i2c_master_top.v (2017-07-25 12:32:56, N/A)
366      C:\Users\Administrator.1FIX62AK6M9QF8G\Desktop\fpga\my_video_v5.0\source\img_buf\ImageXlib_arch.vhd (2017-01-14 22:50:11, N/A)
367      C:\Users\Administrator.1FIX62AK6M9QF8G\Desktop\fpga\my_video_v5.0\source\img_buf\ImageXlib_utils.vhd (2017-01-14 22:50:11, N/A)
368      C:\Users\Administrator.1FIX62AK6M9QF8G\Desktop\fpga\my_video_v5.0\source\img_buf\linebuffer_Wapper.vhd (2017-01-14 22:50:12, N/A)
369      C:\Users\Administrator.1FIX62AK6M9QF8G\Desktop\fpga\my_video_v5.0\source\osd\soure\osd_display_angle.v (2019-11-17 18:59:12, N/A)
370      C:\Users\Administrator.1FIX62AK6M9QF8G\Desktop\fpga\my_video_v5.0\source\osd\soure\timing_gen_xy.v (2019-05-14 09:19:29, N/A)
371      C:\Users\Administrator.1FIX62AK6M9QF8G\Desktop\fpga\my_video_v5.0\source\test\Binary2BCD.v (2019-11-17 16:04:09, N/A)
372      C:\Users\Administrator.1FIX62AK6M9QF8G\Desktop\fpga\my_video_v5.0\source\test\ax_debounce.v (2019-09-24 23:17:32, N/A)
373      C:\Users\Administrator.1FIX62AK6M9QF8G\Desktop\fpga\my_video_v5.0\source\test\calculate_ddr3_addr.v (2019-11-13 17:43:42, N/A)
374      C:\Users\Administrator.1FIX62AK6M9QF8G\Desktop\fpga\my_video_v5.0\source\test\calculate_ddr3_addr_block.v (2019-11-16 15:51:31, N/A)
375      C:\Users\Administrator.1FIX62AK6M9QF8G\Desktop\fpga\my_video_v5.0\source\test\ddr3_prefetch.v (2019-11-19 15:42:44, N/A)
402      C:\Users\Administrator.1FIX62AK6M9QF8G\Desktop\fpga\my_video_v5.0\source\test\gen_addr_filt.v (2019-11-23 16:22:52, N/A)
376      C:\Users\Administrator.1FIX62AK6M9QF8G\Desktop\fpga\my_video_v5.0\source\test\gen_addr_get_frame.v (2019-11-11 23:42:39, N/A)
391      C:\Users\Administrator.1FIX62AK6M9QF8G\Desktop\fpga\my_video_v5.0\source\test\gen_addr_test.v (2019-11-20 17:04:24, N/A)
377      C:\Users\Administrator.1FIX62AK6M9QF8G\Desktop\fpga\my_video_v5.0\source\test\gen_new_frame_sign.v (2019-10-30 13:58:40, N/A)
378      C:\Users\Administrator.1FIX62AK6M9QF8G\Desktop\fpga\my_video_v5.0\source\test\gen_rotation_addr.v (2019-11-14 23:10:54, N/A)
379      C:\Users\Administrator.1FIX62AK6M9QF8G\Desktop\fpga\my_video_v5.0\source\test\get_mpu_angle.v (2019-11-13 18:53:07, N/A)
409      C:\Users\Administrator.1FIX62AK6M9QF8G\Desktop\fpga\my_video_v5.0\source\test\key_adj_angle.v (2019-11-23 12:34:14, N/A)
380      C:\Users\Administrator.1FIX62AK6M9QF8G\Desktop\fpga\my_video_v5.0\source\test\lut_sin_cos.v (2019-11-11 12:31:23, N/A)
381      C:\Users\Administrator.1FIX62AK6M9QF8G\Desktop\fpga\my_video_v5.0\source\test\my_aq_axi_master.v (2019-10-29 16:26:40, N/A)
382      C:\Users\Administrator.1FIX62AK6M9QF8G\Desktop\fpga\my_video_v5.0\source\test\my_frame_read_write.v (2019-11-19 16:46:48, N/A)
383      C:\Users\Administrator.1FIX62AK6M9QF8G\Desktop\fpga\my_video_v5.0\source\test\my_lut_ov5640_rgb565_1280_960.v (2019-11-19 18:21:29, N/A)
407      C:\Users\Administrator.1FIX62AK6M9QF8G\Desktop\fpga\my_video_v5.0\source\test\pixel_filter_v2.0.v (2019-11-23 17:02:24, N/A)
385      C:\Users\Administrator.1FIX62AK6M9QF8G\Desktop\fpga\my_video_v5.0\source\test\pixel_read_block.v (2019-11-20 19:26:04, N/A)
408      C:\Users\Administrator.1FIX62AK6M9QF8G\Desktop\fpga\my_video_v5.0\source\test\pixel_read_block_filt_V2.0.v (2019-11-23 15:52:10, N/A)
386      C:\Users\Administrator.1FIX62AK6M9QF8G\Desktop\fpga\my_video_v5.0\source\test\pixel_to_block.v (2019-11-17 19:21:11, N/A)
387      C:\Users\Administrator.1FIX62AK6M9QF8G\Desktop\fpga\my_video_v5.0\source\test\usart_tx_rx.v (2019-11-13 17:25:51, N/A)
388      C:\Users\Administrator.1FIX62AK6M9QF8G\Desktop\fpga\my_video_v5.0\source\top.v (2019-11-23 17:30:40, N/A)
410      C:\Users\Administrator.1FIX62AK6M9QF8G\Desktop\fpga\my_video_v5.0b\ipcore\APM_11mult11\APM_11mult11.v (N/A, 2019-10-15 00:53:40)
411      C:\Users\Administrator.1FIX62AK6M9QF8G\Desktop\fpga\my_video_v5.0b\ipcore\APM_11mult11\rtl\ipml_mult_v1_1.v (N/A, 2019-10-15 00:53:40)
412      C:\Users\Administrator.1FIX62AK6M9QF8G\Desktop\fpga\my_video_v5.0b\ipcore\APM_multi_add_s16\APM_multi_add_s16.v (N/A, 2019-11-10 21:23:54)
413      C:\Users\Administrator.1FIX62AK6M9QF8G\Desktop\fpga\my_video_v5.0b\ipcore\APM_multi_add_s16\rtl\ipml_multadd_v1_1.v (N/A, 2019-11-10 21:23:54)
414      C:\Users\Administrator.1FIX62AK6M9QF8G\Desktop\fpga\my_video_v5.0b\ipcore\APM_s16_mult_us8\APM_s16_mult_us8.v (N/A, 2019-11-20 15:56:55)
415      C:\Users\Administrator.1FIX62AK6M9QF8G\Desktop\fpga\my_video_v5.0b\ipcore\APM_s8_mult_us8\APM_s8_mult_us8.v (N/A, 2019-11-20 15:54:00)
416      C:\Users\Administrator.1FIX62AK6M9QF8G\Desktop\fpga\my_video_v5.0b\ipcore\afifo_16i_64o_512\afifo_16i_64o_512.v (N/A, 2019-11-18 17:07:15)
417      C:\Users\Administrator.1FIX62AK6M9QF8G\Desktop\fpga\my_video_v5.0b\ipcore\afifo_16i_64o_512\rtl\ipml_fifo_ctrl_v1_3.v (N/A, 2019-06-17 17:36:48)
418      C:\Users\Administrator.1FIX62AK6M9QF8G\Desktop\fpga\my_video_v5.0b\ipcore\afifo_16i_64o_512\rtl\ipml_fifo_v1_4_afifo_16i_64o_512.v (N/A, 2019-11-18 17:07:15)
419      C:\Users\Administrator.1FIX62AK6M9QF8G\Desktop\fpga\my_video_v5.0b\ipcore\afifo_16i_64o_512\rtl\ipml_sdpram_v1_4_afifo_16i_64o_512.v (N/A, 2019-11-18 17:07:15)
420      C:\Users\Administrator.1FIX62AK6M9QF8G\Desktop\fpga\my_video_v5.0b\ipcore\afifo_64i_16o_128\afifo_64i_16o_128.v (N/A, 2019-09-27 11:50:56)
421      C:\Users\Administrator.1FIX62AK6M9QF8G\Desktop\fpga\my_video_v5.0b\ipcore\afifo_64i_16o_128\rtl\ipml_fifo_v1_4_afifo_64i_16o_128.v (N/A, 2019-09-27 11:50:56)
422      C:\Users\Administrator.1FIX62AK6M9QF8G\Desktop\fpga\my_video_v5.0b\ipcore\afifo_64i_16o_128\rtl\ipml_sdpram_v1_4_afifo_64i_16o_128.v (N/A, 2019-09-27 11:50:56)
423      C:\Users\Administrator.1FIX62AK6M9QF8G\Desktop\fpga\my_video_v5.0b\ipcore\afifo_64i_64o_512\afifo_64i_64o_512.v (N/A, 2019-11-19 18:21:19)
424      C:\Users\Administrator.1FIX62AK6M9QF8G\Desktop\fpga\my_video_v5.0b\ipcore\afifo_64i_64o_512\rtl\ipml_fifo_v1_4_afifo_64i_64o_512.v (N/A, 2019-11-19 18:21:19)
425      C:\Users\Administrator.1FIX62AK6M9QF8G\Desktop\fpga\my_video_v5.0b\ipcore\afifo_64i_64o_512\rtl\ipml_sdpram_v1_4_afifo_64i_64o_512.v (N/A, 2019-11-19 18:21:19)
426      C:\Users\Administrator.1FIX62AK6M9QF8G\Desktop\fpga\my_video_v5.0b\ipcore\afifo_8in8out\afifo_8in8out.v (N/A, 2019-11-12 22:31:29)
427      C:\Users\Administrator.1FIX62AK6M9QF8G\Desktop\fpga\my_video_v5.0b\ipcore\afifo_8in8out\rtl\ipm_distributed_fifo_ctr_v1_0.v (N/A, 2019-06-17 17:37:00)
428      C:\Users\Administrator.1FIX62AK6M9QF8G\Desktop\fpga\my_video_v5.0b\ipcore\afifo_8in8out\rtl\ipm_distributed_fifo_v1_2_afifo_8in8out.v (N/A, 2019-11-12 22:31:29)
429      C:\Users\Administrator.1FIX62AK6M9QF8G\Desktop\fpga\my_video_v5.0b\ipcore\afifo_8in8out\rtl\ipm_distributed_sdpram_v1_2_afifo_8in8out.v (N/A, 2019-11-12 22:31:29)
430      C:\Users\Administrator.1FIX62AK6M9QF8G\Desktop\fpga\my_video_v5.0b\ipcore\ddr3\ddr3.v (N/A, 2019-11-19 16:47:34)
431      C:\Users\Administrator.1FIX62AK6M9QF8G\Desktop\fpga\my_video_v5.0b\ipcore\ddr3\rtl\ipsl_ddrc_apb_reset.v (N/A, 2019-11-14 23:47:04)
432      C:\Users\Administrator.1FIX62AK6M9QF8G\Desktop\fpga\my_video_v5.0b\ipcore\ddr3\rtl\ipsl_ddrc_reset_ctrl.v (N/A, 2019-11-14 23:47:04)
433      C:\Users\Administrator.1FIX62AK6M9QF8G\Desktop\fpga\my_video_v5.0b\ipcore\ddr3\rtl\ipsl_ddrphy_dll_update_ctrl.v (N/A, 2019-11-14 23:47:04)
434      C:\Users\Administrator.1FIX62AK6M9QF8G\Desktop\fpga\my_video_v5.0b\ipcore\ddr3\rtl\ipsl_ddrphy_reset_ctrl.v (N/A, 2019-11-14 23:47:04)
435      C:\Users\Administrator.1FIX62AK6M9QF8G\Desktop\fpga\my_video_v5.0b\ipcore\ddr3\rtl\ipsl_ddrphy_training_ctrl.v (N/A, 2019-11-14 23:47:04)
436      C:\Users\Administrator.1FIX62AK6M9QF8G\Desktop\fpga\my_video_v5.0b\ipcore\ddr3\rtl\ipsl_ddrphy_update_ctrl.v (N/A, 2019-11-14 23:47:04)
437      C:\Users\Administrator.1FIX62AK6M9QF8G\Desktop\fpga\my_video_v5.0b\ipcore\ddr3\rtl\ipsl_hmemc_ddrc_top.v (N/A, 2019-11-14 23:47:04)
438      C:\Users\Administrator.1FIX62AK6M9QF8G\Desktop\fpga\my_video_v5.0b\ipcore\ddr3\rtl\ipsl_hmemc_phy_top.v (N/A, 2019-11-14 23:47:04)
439      C:\Users\Administrator.1FIX62AK6M9QF8G\Desktop\fpga\my_video_v5.0b\ipcore\ddr3\rtl\ipsl_phy_io.v (N/A, 2019-11-14 23:47:04)
440      C:\Users\Administrator.1FIX62AK6M9QF8G\Desktop\fpga\my_video_v5.0b\ipcore\ddr3\rtl\pll\pll_50_400.v (N/A, 2019-11-19 16:47:34)
441      C:\Users\Administrator.1FIX62AK6M9QF8G\Desktop\fpga\my_video_v5.0b\ipcore\fifo_16i_16o\fifo_16i_16o.v (N/A, 2019-11-23 15:52:43)
442      C:\Users\Administrator.1FIX62AK6M9QF8G\Desktop\fpga\my_video_v5.0b\ipcore\fifo_16i_16o\rtl\ipml_fifo_v1_4_fifo_16i_16o.v (N/A, 2019-11-23 15:52:43)
443      C:\Users\Administrator.1FIX62AK6M9QF8G\Desktop\fpga\my_video_v5.0b\ipcore\fifo_16i_16o\rtl\ipml_sdpram_v1_4_fifo_16i_16o.v (N/A, 2019-11-23 15:52:43)
444      C:\Users\Administrator.1FIX62AK6M9QF8G\Desktop\fpga\my_video_v5.0b\ipcore\fifo_26i_26o\fifo_26i_26o.v (N/A, 2019-10-30 13:03:24)
445      C:\Users\Administrator.1FIX62AK6M9QF8G\Desktop\fpga\my_video_v5.0b\ipcore\fifo_26i_26o\rtl\ipml_fifo_v1_4_fifo_26i_26o.v (N/A, 2019-10-30 13:03:24)
446      C:\Users\Administrator.1FIX62AK6M9QF8G\Desktop\fpga\my_video_v5.0b\ipcore\fifo_26i_26o\rtl\ipml_sdpram_v1_4_fifo_26i_26o.v (N/A, 2019-10-30 13:03:24)
447      C:\Users\Administrator.1FIX62AK6M9QF8G\Desktop\fpga\my_video_v5.0b\ipcore\fifo_38i_38o\fifo_38i_38o.v (N/A, 2019-11-23 14:10:05)
448      C:\Users\Administrator.1FIX62AK6M9QF8G\Desktop\fpga\my_video_v5.0b\ipcore\fifo_38i_38o\rtl\ipml_fifo_v1_4_fifo_38i_38o.v (N/A, 2019-11-23 14:10:04)
449      C:\Users\Administrator.1FIX62AK6M9QF8G\Desktop\fpga\my_video_v5.0b\ipcore\fifo_38i_38o\rtl\ipml_sdpram_v1_4_fifo_38i_38o.v (N/A, 2019-11-23 14:10:04)
450      C:\Users\Administrator.1FIX62AK6M9QF8G\Desktop\fpga\my_video_v5.0b\ipcore\osd_rom\osd_rom.v (N/A, 2019-11-16 20:19:38)
451      C:\Users\Administrator.1FIX62AK6M9QF8G\Desktop\fpga\my_video_v5.0b\ipcore\osd_rom\rtl\ipml_rom_v1_3_osd_rom.v (N/A, 2019-11-16 20:19:38)
452      C:\Users\Administrator.1FIX62AK6M9QF8G\Desktop\fpga\my_video_v5.0b\ipcore\osd_rom\rtl\ipml_spram_v1_3_osd_rom.v (N/A, 2019-11-16 20:19:38)
453      C:\Users\Administrator.1FIX62AK6M9QF8G\Desktop\fpga\my_video_v5.0b\ipcore\osd_rom\rtl\osd_rom_init_param.v (N/A, 2019-11-16 20:19:39)
454      C:\Users\Administrator.1FIX62AK6M9QF8G\Desktop\fpga\my_video_v5.0b\ipcore\video_pll\video_pll.v (N/A, 2019-11-11 23:05:51)
455      C:\Users\Administrator.1FIX62AK6M9QF8G\Desktop\fpga\my_video_v5.0b\source\aq_axi_master.v (N/A, 2019-10-29 09:48:32)
456      C:\Users\Administrator.1FIX62AK6M9QF8G\Desktop\fpga\my_video_v5.0b\source\cmos_8_16bit.v (N/A, 2017-07-25 12:32:56)
457      C:\Users\Administrator.1FIX62AK6M9QF8G\Desktop\fpga\my_video_v5.0b\source\cmos_write_req_gen.v (N/A, 2019-10-05 14:38:24)
458      C:\Users\Administrator.1FIX62AK6M9QF8G\Desktop\fpga\my_video_v5.0b\source\dvi_tx\color_bar.v (N/A, 2019-10-22 19:05:14)
459      C:\Users\Administrator.1FIX62AK6M9QF8G\Desktop\fpga\my_video_v5.0b\source\dvi_tx\dvi_encoder.v (N/A, 2018-02-28 18:33:24)
460      C:\Users\Administrator.1FIX62AK6M9QF8G\Desktop\fpga\my_video_v5.0b\source\dvi_tx\encode.v (N/A, 2008-07-24 16:13:50)
461      C:\Users\Administrator.1FIX62AK6M9QF8G\Desktop\fpga\my_video_v5.0b\source\dvi_tx\serdes_4b_10to1.v (N/A, 2019-05-06 16:15:18)
462      C:\Users\Administrator.1FIX62AK6M9QF8G\Desktop\fpga\my_video_v5.0b\source\dvi_tx\video_define.v (N/A, 2019-11-11 23:04:14)
463      C:\Users\Administrator.1FIX62AK6M9QF8G\Desktop\fpga\my_video_v5.0b\source\dvi_tx\video_timing_data.v (N/A, 2017-07-25 12:32:56)
464      C:\Users\Administrator.1FIX62AK6M9QF8G\Desktop\fpga\my_video_v5.0b\source\frame_fifo_read.v (N/A, 2019-11-18 16:38:25)
465      C:\Users\Administrator.1FIX62AK6M9QF8G\Desktop\fpga\my_video_v5.0b\source\frame_fifo_write.v (N/A, 2019-10-24 00:30:36)
466      C:\Users\Administrator.1FIX62AK6M9QF8G\Desktop\fpga\my_video_v5.0b\source\frame_read_write.v (N/A, 2019-11-19 11:15:13)
467      C:\Users\Administrator.1FIX62AK6M9QF8G\Desktop\fpga\my_video_v5.0b\source\i2c_master\i2c_config.v (N/A, 2017-07-25 12:32:56)
468      C:\Users\Administrator.1FIX62AK6M9QF8G\Desktop\fpga\my_video_v5.0b\source\i2c_master\i2c_master_bit_ctrl.v (N/A, 2017-07-25 12:32:56)
469      C:\Users\Administrator.1FIX62AK6M9QF8G\Desktop\fpga\my_video_v5.0b\source\i2c_master\i2c_master_byte_ctrl.v (N/A, 2017-07-25 12:32:56)
470      C:\Users\Administrator.1FIX62AK6M9QF8G\Desktop\fpga\my_video_v5.0b\source\i2c_master\i2c_master_defines.v (N/A, 2017-07-25 12:32:56)
471      C:\Users\Administrator.1FIX62AK6M9QF8G\Desktop\fpga\my_video_v5.0b\source\i2c_master\i2c_master_top.v (N/A, 2017-07-25 12:32:56)
472      C:\Users\Administrator.1FIX62AK6M9QF8G\Desktop\fpga\my_video_v5.0b\source\img_buf\ImageXlib_arch.vhd (N/A, 2017-01-14 22:50:11)
473      C:\Users\Administrator.1FIX62AK6M9QF8G\Desktop\fpga\my_video_v5.0b\source\img_buf\ImageXlib_utils.vhd (N/A, 2017-01-14 22:50:11)
474      C:\Users\Administrator.1FIX62AK6M9QF8G\Desktop\fpga\my_video_v5.0b\source\img_buf\linebuffer_Wapper.vhd (N/A, 2017-01-14 22:50:12)
475      C:\Users\Administrator.1FIX62AK6M9QF8G\Desktop\fpga\my_video_v5.0b\source\osd\soure\osd_display_angle.v (N/A, 2019-11-17 18:59:12)
476      C:\Users\Administrator.1FIX62AK6M9QF8G\Desktop\fpga\my_video_v5.0b\source\osd\soure\timing_gen_xy.v (N/A, 2019-05-14 09:19:29)
477      C:\Users\Administrator.1FIX62AK6M9QF8G\Desktop\fpga\my_video_v5.0b\source\test\Binary2BCD.v (N/A, 2019-11-17 16:04:09)
478      C:\Users\Administrator.1FIX62AK6M9QF8G\Desktop\fpga\my_video_v5.0b\source\test\ax_debounce.v (N/A, 2019-09-24 23:17:32)
479      C:\Users\Administrator.1FIX62AK6M9QF8G\Desktop\fpga\my_video_v5.0b\source\test\calculate_ddr3_addr_block.v (N/A, 2019-11-16 15:51:31)
480      C:\Users\Administrator.1FIX62AK6M9QF8G\Desktop\fpga\my_video_v5.0b\source\test\gen_addr_filt.v (N/A, 2019-11-23 16:22:52)
481      C:\Users\Administrator.1FIX62AK6M9QF8G\Desktop\fpga\my_video_v5.0b\source\test\gen_new_frame_sign.v (N/A, 2019-10-30 13:58:40)
482      C:\Users\Administrator.1FIX62AK6M9QF8G\Desktop\fpga\my_video_v5.0b\source\test\get_mpu_angle.v (N/A, 2019-11-13 18:53:07)
483      C:\Users\Administrator.1FIX62AK6M9QF8G\Desktop\fpga\my_video_v5.0b\source\test\key_adj_angle.v (N/A, 2019-11-23 12:34:14)
484      C:\Users\Administrator.1FIX62AK6M9QF8G\Desktop\fpga\my_video_v5.0b\source\test\lut_sin_cos.v (N/A, 2019-11-11 12:31:23)
485      C:\Users\Administrator.1FIX62AK6M9QF8G\Desktop\fpga\my_video_v5.0b\source\test\my_aq_axi_master.v (N/A, 2019-10-29 16:26:40)
486      C:\Users\Administrator.1FIX62AK6M9QF8G\Desktop\fpga\my_video_v5.0b\source\test\my_frame_read_write.v (N/A, 2019-11-19 16:46:48)
487      C:\Users\Administrator.1FIX62AK6M9QF8G\Desktop\fpga\my_video_v5.0b\source\test\my_lut_ov5640_rgb565_1280_960.v (N/A, 2019-11-19 18:21:29)
488      C:\Users\Administrator.1FIX62AK6M9QF8G\Desktop\fpga\my_video_v5.0b\source\test\pixel_filter_v2.0.v (N/A, 2019-11-23 17:02:24)
489      C:\Users\Administrator.1FIX62AK6M9QF8G\Desktop\fpga\my_video_v5.0b\source\test\pixel_read_block_filt_V2.0.v (N/A, 2019-11-23 15:52:10)
490      C:\Users\Administrator.1FIX62AK6M9QF8G\Desktop\fpga\my_video_v5.0b\source\test\pixel_to_block.v (N/A, 2019-11-17 19:21:11)
491      C:\Users\Administrator.1FIX62AK6M9QF8G\Desktop\fpga\my_video_v5.0b\source\test\usart_tx_rx.v (N/A, 2019-11-13 17:25:51)
492      C:\Users\Administrator.1FIX62AK6M9QF8G\Desktop\fpga\my_video_v5.0b\source\top.v (N/A, 2019-11-23 17:50:23)

*******************************************************************
Modules that may have changed as a result of file changes: 85
MID:  lib.cell.view
0        work.APM_11mult11.verilog may have changed because the following files changed:
                        C:\Users\Administrator.1FIX62AK6M9QF8G\Desktop\fpga\my_video_v5.0b\ipcore\APM_11mult11\APM_11mult11.v (N/A, 2019-10-15 00:53:40) <-- (module definition)
                        C:\Users\Administrator.1FIX62AK6M9QF8G\Desktop\fpga\my_video_v5.0b\source\test\calculate_ddr3_addr_block.v (N/A, 2019-11-16 15:51:31) <-- (may instantiate this module)
                        C:\Users\Administrator.1FIX62AK6M9QF8G\Desktop\fpga\my_video_v5.0b\source\test\pixel_read_block_filt_V2.0.v (N/A, 2019-11-23 15:52:10) <-- (may instantiate this module)
                        C:\Users\Administrator.1FIX62AK6M9QF8G\Desktop\fpga\my_video_v5.0b\source\top.v (N/A, 2019-11-23 17:50:23) <-- (may instantiate this module)
1        work.APM_multi_add_s16.verilog may have changed because the following files changed:
                        C:\Users\Administrator.1FIX62AK6M9QF8G\Desktop\fpga\my_video_v5.0b\ipcore\APM_multi_add_s16\APM_multi_add_s16.v (N/A, 2019-11-10 21:23:54) <-- (module definition)
                        C:\Users\Administrator.1FIX62AK6M9QF8G\Desktop\fpga\my_video_v5.0b\source\test\gen_addr_filt.v (N/A, 2019-11-23 16:22:52) <-- (may instantiate this module)
                        C:\Users\Administrator.1FIX62AK6M9QF8G\Desktop\fpga\my_video_v5.0b\source\top.v (N/A, 2019-11-23 17:50:23) <-- (may instantiate this module)
90       work.APM_s16_mult_us8.verilog may have changed because the following files changed:
                        C:\Users\Administrator.1FIX62AK6M9QF8G\Desktop\fpga\my_video_v5.0b\ipcore\APM_s16_mult_us8\APM_s16_mult_us8.v (N/A, 2019-11-20 15:56:55) <-- (module definition)
                        C:\Users\Administrator.1FIX62AK6M9QF8G\Desktop\fpga\my_video_v5.0b\source\test\pixel_filter_v2.0.v (N/A, 2019-11-23 17:02:24) <-- (may instantiate this module)
                        C:\Users\Administrator.1FIX62AK6M9QF8G\Desktop\fpga\my_video_v5.0b\source\top.v (N/A, 2019-11-23 17:50:23) <-- (may instantiate this module)
91       work.APM_s8_mult_us8.verilog may have changed because the following files changed:
                        C:\Users\Administrator.1FIX62AK6M9QF8G\Desktop\fpga\my_video_v5.0b\ipcore\APM_s8_mult_us8\APM_s8_mult_us8.v (N/A, 2019-11-20 15:54:00) <-- (module definition)
                        C:\Users\Administrator.1FIX62AK6M9QF8G\Desktop\fpga\my_video_v5.0b\source\test\pixel_filter_v2.0.v (N/A, 2019-11-23 17:02:24) <-- (may instantiate this module)
                        C:\Users\Administrator.1FIX62AK6M9QF8G\Desktop\fpga\my_video_v5.0b\source\top.v (N/A, 2019-11-23 17:50:23) <-- (may instantiate this module)
88       work.Binary2BCD.verilog may have changed because the following files changed:
                        C:\Users\Administrator.1FIX62AK6M9QF8G\Desktop\fpga\my_video_v5.0b\source\osd\soure\osd_display_angle.v (N/A, 2019-11-17 18:59:12) <-- (may instantiate this module)
                        C:\Users\Administrator.1FIX62AK6M9QF8G\Desktop\fpga\my_video_v5.0b\source\test\Binary2BCD.v (N/A, 2019-11-17 16:04:09) <-- (module definition)
                        C:\Users\Administrator.1FIX62AK6M9QF8G\Desktop\fpga\my_video_v5.0b\source\top.v (N/A, 2019-11-23 17:50:23) <-- (may instantiate this module)
60       work.active_delay.rtl may have changed because the following files changed:
                        C:\Users\Administrator.1FIX62AK6M9QF8G\Desktop\fpga\my_video_v5.0b\source\img_buf\ImageXlib_arch.vhd (N/A, 2017-01-14 22:50:11) <-- (architecture and entity definition)
                        C:\Users\Administrator.1FIX62AK6M9QF8G\Desktop\fpga\my_video_v5.0b\source\img_buf\linebuffer_Wapper.vhd (N/A, 2017-01-14 22:50:12) <-- (may instantiate this module)
                        C:\Users\Administrator.1FIX62AK6M9QF8G\Desktop\fpga\my_video_v5.0b\source\test\pixel_to_block.v (N/A, 2019-11-17 19:21:11) <-- (may instantiate this module)
                        C:\Users\Administrator.1FIX62AK6M9QF8G\Desktop\fpga\my_video_v5.0b\source\top.v (N/A, 2019-11-23 17:50:23) <-- (may instantiate this module)
2        work.afifo_16i_64o_512.verilog may have changed because the following files changed:
                        C:\Users\Administrator.1FIX62AK6M9QF8G\Desktop\fpga\my_video_v5.0b\ipcore\afifo_16i_64o_512\afifo_16i_64o_512.v (N/A, 2019-11-18 17:07:15) <-- (module definition)
                        C:\Users\Administrator.1FIX62AK6M9QF8G\Desktop\fpga\my_video_v5.0b\source\frame_read_write.v (N/A, 2019-11-19 11:15:13) <-- (may instantiate this module)
                        C:\Users\Administrator.1FIX62AK6M9QF8G\Desktop\fpga\my_video_v5.0b\source\top.v (N/A, 2019-11-23 17:50:23) <-- (may instantiate this module)
3        work.afifo_64i_16o_128.verilog may have changed because the following files changed:
                        C:\Users\Administrator.1FIX62AK6M9QF8G\Desktop\fpga\my_video_v5.0b\ipcore\afifo_64i_16o_128\afifo_64i_16o_128.v (N/A, 2019-09-27 11:50:56) <-- (module definition)
                        C:\Users\Administrator.1FIX62AK6M9QF8G\Desktop\fpga\my_video_v5.0b\source\frame_read_write.v (N/A, 2019-11-19 11:15:13) <-- (may instantiate this module)
                        C:\Users\Administrator.1FIX62AK6M9QF8G\Desktop\fpga\my_video_v5.0b\source\test\my_frame_read_write.v (N/A, 2019-11-19 16:46:48) <-- (may instantiate this module)
                        C:\Users\Administrator.1FIX62AK6M9QF8G\Desktop\fpga\my_video_v5.0b\source\top.v (N/A, 2019-11-23 17:50:23) <-- (may instantiate this module)
62       work.afifo_64i_64o_512.verilog may have changed because the following files changed:
                        C:\Users\Administrator.1FIX62AK6M9QF8G\Desktop\fpga\my_video_v5.0b\ipcore\afifo_64i_64o_512\afifo_64i_64o_512.v (N/A, 2019-11-19 18:21:19) <-- (module definition)
                        C:\Users\Administrator.1FIX62AK6M9QF8G\Desktop\fpga\my_video_v5.0b\source\test\my_frame_read_write.v (N/A, 2019-11-19 16:46:48) <-- (may instantiate this module)
                        C:\Users\Administrator.1FIX62AK6M9QF8G\Desktop\fpga\my_video_v5.0b\source\top.v (N/A, 2019-11-23 17:50:23) <-- (may instantiate this module)
4        work.afifo_8in8out.verilog may have changed because the following files changed:
                        C:\Users\Administrator.1FIX62AK6M9QF8G\Desktop\fpga\my_video_v5.0b\ipcore\afifo_8in8out\afifo_8in8out.v (N/A, 2019-11-12 22:31:29) <-- (module definition)
                        C:\Users\Administrator.1FIX62AK6M9QF8G\Desktop\fpga\my_video_v5.0b\source\test\usart_tx_rx.v (N/A, 2019-11-13 17:25:51) <-- (may instantiate this module)
                        C:\Users\Administrator.1FIX62AK6M9QF8G\Desktop\fpga\my_video_v5.0b\source\top.v (N/A, 2019-11-23 17:50:23) <-- (may instantiate this module)
5        work.aq_axi_master.verilog may have changed because the following files changed:
                        C:\Users\Administrator.1FIX62AK6M9QF8G\Desktop\fpga\my_video_v5.0b\source\aq_axi_master.v (N/A, 2019-10-29 09:48:32) <-- (module definition)
                        C:\Users\Administrator.1FIX62AK6M9QF8G\Desktop\fpga\my_video_v5.0b\source\top.v (N/A, 2019-11-23 17:50:23) <-- (may instantiate this module)
6        work.ax_debounce.verilog may have changed because the following files changed:
                        C:\Users\Administrator.1FIX62AK6M9QF8G\Desktop\fpga\my_video_v5.0b\source\test\ax_debounce.v (N/A, 2019-09-24 23:17:32) <-- (module definition)
                        C:\Users\Administrator.1FIX62AK6M9QF8G\Desktop\fpga\my_video_v5.0b\source\top.v (N/A, 2019-11-23 17:50:23) <-- (may instantiate this module)
63       work.base_2d_linebuffer.rtl may have changed because the following files changed:
                        C:\Users\Administrator.1FIX62AK6M9QF8G\Desktop\fpga\my_video_v5.0b\source\img_buf\ImageXlib_arch.vhd (N/A, 2017-01-14 22:50:11) <-- (architecture and entity definition)
                        C:\Users\Administrator.1FIX62AK6M9QF8G\Desktop\fpga\my_video_v5.0b\source\img_buf\linebuffer_Wapper.vhd (N/A, 2017-01-14 22:50:12) <-- (may instantiate this module)
                        C:\Users\Administrator.1FIX62AK6M9QF8G\Desktop\fpga\my_video_v5.0b\source\test\pixel_to_block.v (N/A, 2019-11-17 19:21:11) <-- (may instantiate this module)
                        C:\Users\Administrator.1FIX62AK6M9QF8G\Desktop\fpga\my_video_v5.0b\source\top.v (N/A, 2019-11-23 17:50:23) <-- (may instantiate this module)
65       work.base_single_linebuffer.rtl may have changed because the following files changed:
                        C:\Users\Administrator.1FIX62AK6M9QF8G\Desktop\fpga\my_video_v5.0b\source\img_buf\ImageXlib_arch.vhd (N/A, 2017-01-14 22:50:11) <-- (architecture and entity definition)
                        C:\Users\Administrator.1FIX62AK6M9QF8G\Desktop\fpga\my_video_v5.0b\source\img_buf\linebuffer_Wapper.vhd (N/A, 2017-01-14 22:50:12) <-- (may instantiate this module)
                        C:\Users\Administrator.1FIX62AK6M9QF8G\Desktop\fpga\my_video_v5.0b\source\test\pixel_to_block.v (N/A, 2019-11-17 19:21:11) <-- (may instantiate this module)
                        C:\Users\Administrator.1FIX62AK6M9QF8G\Desktop\fpga\my_video_v5.0b\source\top.v (N/A, 2019-11-23 17:50:23) <-- (may instantiate this module)
82       work.calculate_ddr3_addr_block.verilog may have changed because the following files changed:
                        C:\Users\Administrator.1FIX62AK6M9QF8G\Desktop\fpga\my_video_v5.0b\source\test\calculate_ddr3_addr_block.v (N/A, 2019-11-16 15:51:31) <-- (module definition)
                        C:\Users\Administrator.1FIX62AK6M9QF8G\Desktop\fpga\my_video_v5.0b\source\test\pixel_read_block_filt_V2.0.v (N/A, 2019-11-23 15:52:10) <-- (may instantiate this module)
                        C:\Users\Administrator.1FIX62AK6M9QF8G\Desktop\fpga\my_video_v5.0b\source\top.v (N/A, 2019-11-23 17:50:23) <-- (may instantiate this module)
8        work.cmos_8_16bit.verilog may have changed because the following files changed:
                        C:\Users\Administrator.1FIX62AK6M9QF8G\Desktop\fpga\my_video_v5.0b\source\cmos_8_16bit.v (N/A, 2017-07-25 12:32:56) <-- (module definition)
                        C:\Users\Administrator.1FIX62AK6M9QF8G\Desktop\fpga\my_video_v5.0b\source\top.v (N/A, 2019-11-23 17:50:23) <-- (may instantiate this module)
9        work.cmos_write_req_gen.verilog may have changed because the following files changed:
                        C:\Users\Administrator.1FIX62AK6M9QF8G\Desktop\fpga\my_video_v5.0b\source\cmos_write_req_gen.v (N/A, 2019-10-05 14:38:24) <-- (module definition)
                        C:\Users\Administrator.1FIX62AK6M9QF8G\Desktop\fpga\my_video_v5.0b\source\top.v (N/A, 2019-11-23 17:50:23) <-- (may instantiate this module)
10       work.color_bar.verilog may have changed because the following files changed:
                        C:\Users\Administrator.1FIX62AK6M9QF8G\Desktop\fpga\my_video_v5.0b\source\dvi_tx\color_bar.v (N/A, 2019-10-22 19:05:14) <-- (module definition)
                        C:\Users\Administrator.1FIX62AK6M9QF8G\Desktop\fpga\my_video_v5.0b\source\dvi_tx\video_timing_data.v (N/A, 2017-07-25 12:32:56) <-- (may instantiate this module)
                        C:\Users\Administrator.1FIX62AK6M9QF8G\Desktop\fpga\my_video_v5.0b\source\top.v (N/A, 2019-11-23 17:50:23) <-- (may instantiate this module)
11       work.ddr3.verilog may have changed because the following files changed:
                        C:\Users\Administrator.1FIX62AK6M9QF8G\Desktop\fpga\my_video_v5.0b\ipcore\ddr3\ddr3.v (N/A, 2019-11-19 16:47:34) <-- (module definition)
                        C:\Users\Administrator.1FIX62AK6M9QF8G\Desktop\fpga\my_video_v5.0b\source\top.v (N/A, 2019-11-23 17:50:23) <-- (may instantiate this module)
67       work.dp_bram.rtl may have changed because the following files changed:
                        C:\Users\Administrator.1FIX62AK6M9QF8G\Desktop\fpga\my_video_v5.0b\source\img_buf\ImageXlib_arch.vhd (N/A, 2017-01-14 22:50:11) <-- (architecture and entity definition)
                        C:\Users\Administrator.1FIX62AK6M9QF8G\Desktop\fpga\my_video_v5.0b\source\img_buf\linebuffer_Wapper.vhd (N/A, 2017-01-14 22:50:12) <-- (may instantiate this module)
                        C:\Users\Administrator.1FIX62AK6M9QF8G\Desktop\fpga\my_video_v5.0b\source\test\pixel_to_block.v (N/A, 2019-11-17 19:21:11) <-- (may instantiate this module)
                        C:\Users\Administrator.1FIX62AK6M9QF8G\Desktop\fpga\my_video_v5.0b\source\top.v (N/A, 2019-11-23 17:50:23) <-- (may instantiate this module)
12       work.dvi_encoder.verilog may have changed because the following files changed:
                        C:\Users\Administrator.1FIX62AK6M9QF8G\Desktop\fpga\my_video_v5.0b\source\dvi_tx\dvi_encoder.v (N/A, 2018-02-28 18:33:24) <-- (module definition)
                        C:\Users\Administrator.1FIX62AK6M9QF8G\Desktop\fpga\my_video_v5.0b\source\top.v (N/A, 2019-11-23 17:50:23) <-- (may instantiate this module)
13       work.encode.verilog may have changed because the following files changed:
                        C:\Users\Administrator.1FIX62AK6M9QF8G\Desktop\fpga\my_video_v5.0b\source\dvi_tx\dvi_encoder.v (N/A, 2018-02-28 18:33:24) <-- (may instantiate this module)
                        C:\Users\Administrator.1FIX62AK6M9QF8G\Desktop\fpga\my_video_v5.0b\source\dvi_tx\encode.v (N/A, 2008-07-24 16:13:50) <-- (module definition)
                        C:\Users\Administrator.1FIX62AK6M9QF8G\Desktop\fpga\my_video_v5.0b\source\top.v (N/A, 2019-11-23 17:50:23) <-- (may instantiate this module)
94       work.fifo_16i_16o.verilog may have changed because the following files changed:
                        C:\Users\Administrator.1FIX62AK6M9QF8G\Desktop\fpga\my_video_v5.0b\ipcore\fifo_16i_16o\fifo_16i_16o.v (N/A, 2019-11-23 15:52:43) <-- (module definition)
                        C:\Users\Administrator.1FIX62AK6M9QF8G\Desktop\fpga\my_video_v5.0b\source\test\pixel_read_block_filt_V2.0.v (N/A, 2019-11-23 15:52:10) <-- (may instantiate this module)
                        C:\Users\Administrator.1FIX62AK6M9QF8G\Desktop\fpga\my_video_v5.0b\source\top.v (N/A, 2019-11-23 17:50:23) <-- (may instantiate this module)
15       work.fifo_26i_26o.verilog may have changed because the following files changed:
                        C:\Users\Administrator.1FIX62AK6M9QF8G\Desktop\fpga\my_video_v5.0b\ipcore\fifo_26i_26o\fifo_26i_26o.v (N/A, 2019-10-30 13:03:24) <-- (module definition)
                        C:\Users\Administrator.1FIX62AK6M9QF8G\Desktop\fpga\my_video_v5.0b\source\test\pixel_read_block_filt_V2.0.v (N/A, 2019-11-23 15:52:10) <-- (may instantiate this module)
                        C:\Users\Administrator.1FIX62AK6M9QF8G\Desktop\fpga\my_video_v5.0b\source\top.v (N/A, 2019-11-23 17:50:23) <-- (may instantiate this module)
105      work.fifo_38i_38o.verilog may have changed because the following files changed:
                        C:\Users\Administrator.1FIX62AK6M9QF8G\Desktop\fpga\my_video_v5.0b\ipcore\fifo_38i_38o\fifo_38i_38o.v (N/A, 2019-11-23 14:10:05) <-- (module definition)
                        C:\Users\Administrator.1FIX62AK6M9QF8G\Desktop\fpga\my_video_v5.0b\source\test\pixel_read_block_filt_V2.0.v (N/A, 2019-11-23 15:52:10) <-- (may instantiate this module)
                        C:\Users\Administrator.1FIX62AK6M9QF8G\Desktop\fpga\my_video_v5.0b\source\top.v (N/A, 2019-11-23 17:50:23) <-- (may instantiate this module)
16       work.frame_fifo_read.verilog may have changed because the following files changed:
                        C:\Users\Administrator.1FIX62AK6M9QF8G\Desktop\fpga\my_video_v5.0b\source\frame_fifo_read.v (N/A, 2019-11-18 16:38:25) <-- (module definition)
                        C:\Users\Administrator.1FIX62AK6M9QF8G\Desktop\fpga\my_video_v5.0b\source\frame_read_write.v (N/A, 2019-11-19 11:15:13) <-- (may instantiate this module)
                        C:\Users\Administrator.1FIX62AK6M9QF8G\Desktop\fpga\my_video_v5.0b\source\test\my_frame_read_write.v (N/A, 2019-11-19 16:46:48) <-- (may instantiate this module)
                        C:\Users\Administrator.1FIX62AK6M9QF8G\Desktop\fpga\my_video_v5.0b\source\top.v (N/A, 2019-11-23 17:50:23) <-- (may instantiate this module)
17       work.frame_fifo_write.verilog may have changed because the following files changed:
                        C:\Users\Administrator.1FIX62AK6M9QF8G\Desktop\fpga\my_video_v5.0b\source\frame_fifo_write.v (N/A, 2019-10-24 00:30:36) <-- (module definition)
                        C:\Users\Administrator.1FIX62AK6M9QF8G\Desktop\fpga\my_video_v5.0b\source\frame_read_write.v (N/A, 2019-11-19 11:15:13) <-- (may instantiate this module)
                        C:\Users\Administrator.1FIX62AK6M9QF8G\Desktop\fpga\my_video_v5.0b\source\test\my_frame_read_write.v (N/A, 2019-11-19 16:46:48) <-- (may instantiate this module)
                        C:\Users\Administrator.1FIX62AK6M9QF8G\Desktop\fpga\my_video_v5.0b\source\top.v (N/A, 2019-11-23 17:50:23) <-- (may instantiate this module)
18       work.frame_read_write.verilog may have changed because the following files changed:
                        C:\Users\Administrator.1FIX62AK6M9QF8G\Desktop\fpga\my_video_v5.0b\source\frame_read_write.v (N/A, 2019-11-19 11:15:13) <-- (module definition)
                        C:\Users\Administrator.1FIX62AK6M9QF8G\Desktop\fpga\my_video_v5.0b\source\top.v (N/A, 2019-11-23 17:50:23) <-- (may instantiate this module)
97       work.gen_addr_filt.verilog may have changed because the following files changed:
                        C:\Users\Administrator.1FIX62AK6M9QF8G\Desktop\fpga\my_video_v5.0b\source\test\gen_addr_filt.v (N/A, 2019-11-23 16:22:52) <-- (module definition)
                        C:\Users\Administrator.1FIX62AK6M9QF8G\Desktop\fpga\my_video_v5.0b\source\top.v (N/A, 2019-11-23 17:50:23) <-- (may instantiate this module)
20       work.gen_new_frame_sign.verilog may have changed because the following files changed:
                        C:\Users\Administrator.1FIX62AK6M9QF8G\Desktop\fpga\my_video_v5.0b\source\test\gen_new_frame_sign.v (N/A, 2019-10-30 13:58:40) <-- (module definition)
                        C:\Users\Administrator.1FIX62AK6M9QF8G\Desktop\fpga\my_video_v5.0b\source\top.v (N/A, 2019-11-23 17:50:23) <-- (may instantiate this module)
22       work.get_mpu_angle.verilog may have changed because the following files changed:
                        C:\Users\Administrator.1FIX62AK6M9QF8G\Desktop\fpga\my_video_v5.0b\source\test\get_mpu_angle.v (N/A, 2019-11-13 18:53:07) <-- (module definition)
                        C:\Users\Administrator.1FIX62AK6M9QF8G\Desktop\fpga\my_video_v5.0b\source\top.v (N/A, 2019-11-23 17:50:23) <-- (may instantiate this module)
69       work.h_pipe.rtl may have changed because the following files changed:
                        C:\Users\Administrator.1FIX62AK6M9QF8G\Desktop\fpga\my_video_v5.0b\source\img_buf\ImageXlib_arch.vhd (N/A, 2017-01-14 22:50:11) <-- (architecture and entity definition)
                        C:\Users\Administrator.1FIX62AK6M9QF8G\Desktop\fpga\my_video_v5.0b\source\img_buf\linebuffer_Wapper.vhd (N/A, 2017-01-14 22:50:12) <-- (may instantiate this module)
                        C:\Users\Administrator.1FIX62AK6M9QF8G\Desktop\fpga\my_video_v5.0b\source\test\pixel_to_block.v (N/A, 2019-11-17 19:21:11) <-- (may instantiate this module)
                        C:\Users\Administrator.1FIX62AK6M9QF8G\Desktop\fpga\my_video_v5.0b\source\top.v (N/A, 2019-11-23 17:50:23) <-- (may instantiate this module)
23       work.i2c_config.verilog may have changed because the following files changed:
                        C:\Users\Administrator.1FIX62AK6M9QF8G\Desktop\fpga\my_video_v5.0b\source\i2c_master\i2c_config.v (N/A, 2017-07-25 12:32:56) <-- (module definition)
                        C:\Users\Administrator.1FIX62AK6M9QF8G\Desktop\fpga\my_video_v5.0b\source\top.v (N/A, 2019-11-23 17:50:23) <-- (may instantiate this module)
24       work.i2c_master_bit_ctrl.verilog may have changed because the following files changed:
                        C:\Users\Administrator.1FIX62AK6M9QF8G\Desktop\fpga\my_video_v5.0b\source\i2c_master\i2c_config.v (N/A, 2017-07-25 12:32:56) <-- (may instantiate this module)
                        C:\Users\Administrator.1FIX62AK6M9QF8G\Desktop\fpga\my_video_v5.0b\source\i2c_master\i2c_master_bit_ctrl.v (N/A, 2017-07-25 12:32:56) <-- (module definition)
                        C:\Users\Administrator.1FIX62AK6M9QF8G\Desktop\fpga\my_video_v5.0b\source\i2c_master\i2c_master_byte_ctrl.v (N/A, 2017-07-25 12:32:56) <-- (may instantiate this module)
                        C:\Users\Administrator.1FIX62AK6M9QF8G\Desktop\fpga\my_video_v5.0b\source\i2c_master\i2c_master_top.v (N/A, 2017-07-25 12:32:56) <-- (may instantiate this module)
                        C:\Users\Administrator.1FIX62AK6M9QF8G\Desktop\fpga\my_video_v5.0b\source\top.v (N/A, 2019-11-23 17:50:23) <-- (may instantiate this module)
25       work.i2c_master_byte_ctrl.verilog may have changed because the following files changed:
                        C:\Users\Administrator.1FIX62AK6M9QF8G\Desktop\fpga\my_video_v5.0b\source\i2c_master\i2c_config.v (N/A, 2017-07-25 12:32:56) <-- (may instantiate this module)
                        C:\Users\Administrator.1FIX62AK6M9QF8G\Desktop\fpga\my_video_v5.0b\source\i2c_master\i2c_master_byte_ctrl.v (N/A, 2017-07-25 12:32:56) <-- (module definition)
                        C:\Users\Administrator.1FIX62AK6M9QF8G\Desktop\fpga\my_video_v5.0b\source\i2c_master\i2c_master_top.v (N/A, 2017-07-25 12:32:56) <-- (may instantiate this module)
                        C:\Users\Administrator.1FIX62AK6M9QF8G\Desktop\fpga\my_video_v5.0b\source\top.v (N/A, 2019-11-23 17:50:23) <-- (may instantiate this module)
26       work.i2c_master_top.verilog may have changed because the following files changed:
                        C:\Users\Administrator.1FIX62AK6M9QF8G\Desktop\fpga\my_video_v5.0b\source\i2c_master\i2c_config.v (N/A, 2017-07-25 12:32:56) <-- (may instantiate this module)
                        C:\Users\Administrator.1FIX62AK6M9QF8G\Desktop\fpga\my_video_v5.0b\source\i2c_master\i2c_master_top.v (N/A, 2017-07-25 12:32:56) <-- (module definition)
                        C:\Users\Administrator.1FIX62AK6M9QF8G\Desktop\fpga\my_video_v5.0b\source\top.v (N/A, 2019-11-23 17:50:23) <-- (may instantiate this module)
27       work.ipm_distributed_fifo_ctr_v1_0.verilog may have changed because the following files changed:
                        C:\Users\Administrator.1FIX62AK6M9QF8G\Desktop\fpga\my_video_v5.0b\ipcore\afifo_8in8out\afifo_8in8out.v (N/A, 2019-11-12 22:31:29) <-- (may instantiate this module)
                        C:\Users\Administrator.1FIX62AK6M9QF8G\Desktop\fpga\my_video_v5.0b\ipcore\afifo_8in8out\rtl\ipm_distributed_fifo_ctr_v1_0.v (N/A, 2019-06-17 17:37:00) <-- (module definition)
                        C:\Users\Administrator.1FIX62AK6M9QF8G\Desktop\fpga\my_video_v5.0b\ipcore\afifo_8in8out\rtl\ipm_distributed_fifo_v1_2_afifo_8in8out.v (N/A, 2019-11-12 22:31:29) <-- (may instantiate this module)
                        C:\Users\Administrator.1FIX62AK6M9QF8G\Desktop\fpga\my_video_v5.0b\source\test\usart_tx_rx.v (N/A, 2019-11-13 17:25:51) <-- (may instantiate this module)
                        C:\Users\Administrator.1FIX62AK6M9QF8G\Desktop\fpga\my_video_v5.0b\source\top.v (N/A, 2019-11-23 17:50:23) <-- (may instantiate this module)
28       work.ipm_distributed_fifo_v1_2_afifo_8in8out.verilog may have changed because the following files changed:
                        C:\Users\Administrator.1FIX62AK6M9QF8G\Desktop\fpga\my_video_v5.0b\ipcore\afifo_8in8out\afifo_8in8out.v (N/A, 2019-11-12 22:31:29) <-- (may instantiate this module)
                        C:\Users\Administrator.1FIX62AK6M9QF8G\Desktop\fpga\my_video_v5.0b\ipcore\afifo_8in8out\rtl\ipm_distributed_fifo_v1_2_afifo_8in8out.v (N/A, 2019-11-12 22:31:29) <-- (module definition)
                        C:\Users\Administrator.1FIX62AK6M9QF8G\Desktop\fpga\my_video_v5.0b\source\test\usart_tx_rx.v (N/A, 2019-11-13 17:25:51) <-- (may instantiate this module)
                        C:\Users\Administrator.1FIX62AK6M9QF8G\Desktop\fpga\my_video_v5.0b\source\top.v (N/A, 2019-11-23 17:50:23) <-- (may instantiate this module)
29       work.ipm_distributed_sdpram_v1_2_afifo_8in8out.verilog may have changed because the following files changed:
                        C:\Users\Administrator.1FIX62AK6M9QF8G\Desktop\fpga\my_video_v5.0b\ipcore\afifo_8in8out\afifo_8in8out.v (N/A, 2019-11-12 22:31:29) <-- (may instantiate this module)
                        C:\Users\Administrator.1FIX62AK6M9QF8G\Desktop\fpga\my_video_v5.0b\ipcore\afifo_8in8out\rtl\ipm_distributed_fifo_v1_2_afifo_8in8out.v (N/A, 2019-11-12 22:31:29) <-- (may instantiate this module)
                        C:\Users\Administrator.1FIX62AK6M9QF8G\Desktop\fpga\my_video_v5.0b\ipcore\afifo_8in8out\rtl\ipm_distributed_sdpram_v1_2_afifo_8in8out.v (N/A, 2019-11-12 22:31:29) <-- (module definition)
                        C:\Users\Administrator.1FIX62AK6M9QF8G\Desktop\fpga\my_video_v5.0b\source\test\usart_tx_rx.v (N/A, 2019-11-13 17:25:51) <-- (may instantiate this module)
                        C:\Users\Administrator.1FIX62AK6M9QF8G\Desktop\fpga\my_video_v5.0b\source\top.v (N/A, 2019-11-23 17:50:23) <-- (may instantiate this module)
30       work.ipml_fifo_ctrl_v1_3.verilog may have changed because the following files changed:
                        C:\Users\Administrator.1FIX62AK6M9QF8G\Desktop\fpga\my_video_v5.0b\ipcore\afifo_16i_64o_512\afifo_16i_64o_512.v (N/A, 2019-11-18 17:07:15) <-- (may instantiate this module)
                        C:\Users\Administrator.1FIX62AK6M9QF8G\Desktop\fpga\my_video_v5.0b\ipcore\afifo_16i_64o_512\rtl\ipml_fifo_ctrl_v1_3.v (N/A, 2019-06-17 17:36:48) <-- (module definition)
                        C:\Users\Administrator.1FIX62AK6M9QF8G\Desktop\fpga\my_video_v5.0b\ipcore\afifo_16i_64o_512\rtl\ipml_fifo_v1_4_afifo_16i_64o_512.v (N/A, 2019-11-18 17:07:15) <-- (may instantiate this module)
                        C:\Users\Administrator.1FIX62AK6M9QF8G\Desktop\fpga\my_video_v5.0b\ipcore\afifo_64i_16o_128\afifo_64i_16o_128.v (N/A, 2019-09-27 11:50:56) <-- (may instantiate this module)
                        C:\Users\Administrator.1FIX62AK6M9QF8G\Desktop\fpga\my_video_v5.0b\ipcore\afifo_64i_16o_128\rtl\ipml_fifo_v1_4_afifo_64i_16o_128.v (N/A, 2019-09-27 11:50:56) <-- (may instantiate this module)
                        C:\Users\Administrator.1FIX62AK6M9QF8G\Desktop\fpga\my_video_v5.0b\ipcore\afifo_64i_64o_512\afifo_64i_64o_512.v (N/A, 2019-11-19 18:21:19) <-- (may instantiate this module)
                        C:\Users\Administrator.1FIX62AK6M9QF8G\Desktop\fpga\my_video_v5.0b\ipcore\afifo_64i_64o_512\rtl\ipml_fifo_v1_4_afifo_64i_64o_512.v (N/A, 2019-11-19 18:21:19) <-- (may instantiate this module)
                        C:\Users\Administrator.1FIX62AK6M9QF8G\Desktop\fpga\my_video_v5.0b\ipcore\fifo_16i_16o\fifo_16i_16o.v (N/A, 2019-11-23 15:52:43) <-- (may instantiate this module)
                        C:\Users\Administrator.1FIX62AK6M9QF8G\Desktop\fpga\my_video_v5.0b\ipcore\fifo_16i_16o\rtl\ipml_fifo_v1_4_fifo_16i_16o.v (N/A, 2019-11-23 15:52:43) <-- (may instantiate this module)
                        C:\Users\Administrator.1FIX62AK6M9QF8G\Desktop\fpga\my_video_v5.0b\ipcore\fifo_26i_26o\fifo_26i_26o.v (N/A, 2019-10-30 13:03:24) <-- (may instantiate this module)
                        C:\Users\Administrator.1FIX62AK6M9QF8G\Desktop\fpga\my_video_v5.0b\ipcore\fifo_26i_26o\rtl\ipml_fifo_v1_4_fifo_26i_26o.v (N/A, 2019-10-30 13:03:24) <-- (may instantiate this module)
                        C:\Users\Administrator.1FIX62AK6M9QF8G\Desktop\fpga\my_video_v5.0b\ipcore\fifo_38i_38o\fifo_38i_38o.v (N/A, 2019-11-23 14:10:05) <-- (may instantiate this module)
                        C:\Users\Administrator.1FIX62AK6M9QF8G\Desktop\fpga\my_video_v5.0b\ipcore\fifo_38i_38o\rtl\ipml_fifo_v1_4_fifo_38i_38o.v (N/A, 2019-11-23 14:10:04) <-- (may instantiate this module)
                        C:\Users\Administrator.1FIX62AK6M9QF8G\Desktop\fpga\my_video_v5.0b\source\frame_read_write.v (N/A, 2019-11-19 11:15:13) <-- (may instantiate this module)
                        C:\Users\Administrator.1FIX62AK6M9QF8G\Desktop\fpga\my_video_v5.0b\source\test\my_frame_read_write.v (N/A, 2019-11-19 16:46:48) <-- (may instantiate this module)
                        C:\Users\Administrator.1FIX62AK6M9QF8G\Desktop\fpga\my_video_v5.0b\source\test\pixel_read_block_filt_V2.0.v (N/A, 2019-11-23 15:52:10) <-- (may instantiate this module)
    (1 more file changes not listed)
31       work.ipml_fifo_v1_4_afifo_16i_64o_512.verilog may have changed because the following files changed:
                        C:\Users\Administrator.1FIX62AK6M9QF8G\Desktop\fpga\my_video_v5.0b\ipcore\afifo_16i_64o_512\afifo_16i_64o_512.v (N/A, 2019-11-18 17:07:15) <-- (may instantiate this module)
                        C:\Users\Administrator.1FIX62AK6M9QF8G\Desktop\fpga\my_video_v5.0b\ipcore\afifo_16i_64o_512\rtl\ipml_fifo_v1_4_afifo_16i_64o_512.v (N/A, 2019-11-18 17:07:15) <-- (module definition)
                        C:\Users\Administrator.1FIX62AK6M9QF8G\Desktop\fpga\my_video_v5.0b\source\frame_read_write.v (N/A, 2019-11-19 11:15:13) <-- (may instantiate this module)
                        C:\Users\Administrator.1FIX62AK6M9QF8G\Desktop\fpga\my_video_v5.0b\source\top.v (N/A, 2019-11-23 17:50:23) <-- (may instantiate this module)
32       work.ipml_fifo_v1_4_afifo_64i_16o_128.verilog may have changed because the following files changed:
                        C:\Users\Administrator.1FIX62AK6M9QF8G\Desktop\fpga\my_video_v5.0b\ipcore\afifo_64i_16o_128\afifo_64i_16o_128.v (N/A, 2019-09-27 11:50:56) <-- (may instantiate this module)
                        C:\Users\Administrator.1FIX62AK6M9QF8G\Desktop\fpga\my_video_v5.0b\ipcore\afifo_64i_16o_128\rtl\ipml_fifo_v1_4_afifo_64i_16o_128.v (N/A, 2019-09-27 11:50:56) <-- (module definition)
                        C:\Users\Administrator.1FIX62AK6M9QF8G\Desktop\fpga\my_video_v5.0b\source\frame_read_write.v (N/A, 2019-11-19 11:15:13) <-- (may instantiate this module)
                        C:\Users\Administrator.1FIX62AK6M9QF8G\Desktop\fpga\my_video_v5.0b\source\test\my_frame_read_write.v (N/A, 2019-11-19 16:46:48) <-- (may instantiate this module)
                        C:\Users\Administrator.1FIX62AK6M9QF8G\Desktop\fpga\my_video_v5.0b\source\top.v (N/A, 2019-11-23 17:50:23) <-- (may instantiate this module)
71       work.ipml_fifo_v1_4_afifo_64i_64o_512.verilog may have changed because the following files changed:
                        C:\Users\Administrator.1FIX62AK6M9QF8G\Desktop\fpga\my_video_v5.0b\ipcore\afifo_64i_64o_512\afifo_64i_64o_512.v (N/A, 2019-11-19 18:21:19) <-- (may instantiate this module)
                        C:\Users\Administrator.1FIX62AK6M9QF8G\Desktop\fpga\my_video_v5.0b\ipcore\afifo_64i_64o_512\rtl\ipml_fifo_v1_4_afifo_64i_64o_512.v (N/A, 2019-11-19 18:21:19) <-- (module definition)
                        C:\Users\Administrator.1FIX62AK6M9QF8G\Desktop\fpga\my_video_v5.0b\source\test\my_frame_read_write.v (N/A, 2019-11-19 16:46:48) <-- (may instantiate this module)
                        C:\Users\Administrator.1FIX62AK6M9QF8G\Desktop\fpga\my_video_v5.0b\source\top.v (N/A, 2019-11-23 17:50:23) <-- (may instantiate this module)
98       work.ipml_fifo_v1_4_fifo_16i_16o.verilog may have changed because the following files changed:
                        C:\Users\Administrator.1FIX62AK6M9QF8G\Desktop\fpga\my_video_v5.0b\ipcore\fifo_16i_16o\fifo_16i_16o.v (N/A, 2019-11-23 15:52:43) <-- (may instantiate this module)
                        C:\Users\Administrator.1FIX62AK6M9QF8G\Desktop\fpga\my_video_v5.0b\ipcore\fifo_16i_16o\rtl\ipml_fifo_v1_4_fifo_16i_16o.v (N/A, 2019-11-23 15:52:43) <-- (module definition)
                        C:\Users\Administrator.1FIX62AK6M9QF8G\Desktop\fpga\my_video_v5.0b\source\test\pixel_read_block_filt_V2.0.v (N/A, 2019-11-23 15:52:10) <-- (may instantiate this module)
                        C:\Users\Administrator.1FIX62AK6M9QF8G\Desktop\fpga\my_video_v5.0b\source\top.v (N/A, 2019-11-23 17:50:23) <-- (may instantiate this module)
34       work.ipml_fifo_v1_4_fifo_26i_26o.verilog may have changed because the following files changed:
                        C:\Users\Administrator.1FIX62AK6M9QF8G\Desktop\fpga\my_video_v5.0b\ipcore\fifo_26i_26o\fifo_26i_26o.v (N/A, 2019-10-30 13:03:24) <-- (may instantiate this module)
                        C:\Users\Administrator.1FIX62AK6M9QF8G\Desktop\fpga\my_video_v5.0b\ipcore\fifo_26i_26o\rtl\ipml_fifo_v1_4_fifo_26i_26o.v (N/A, 2019-10-30 13:03:24) <-- (module definition)
                        C:\Users\Administrator.1FIX62AK6M9QF8G\Desktop\fpga\my_video_v5.0b\source\test\pixel_read_block_filt_V2.0.v (N/A, 2019-11-23 15:52:10) <-- (may instantiate this module)
                        C:\Users\Administrator.1FIX62AK6M9QF8G\Desktop\fpga\my_video_v5.0b\source\top.v (N/A, 2019-11-23 17:50:23) <-- (may instantiate this module)
106      work.ipml_fifo_v1_4_fifo_38i_38o.verilog may have changed because the following files changed:
                        C:\Users\Administrator.1FIX62AK6M9QF8G\Desktop\fpga\my_video_v5.0b\ipcore\fifo_38i_38o\fifo_38i_38o.v (N/A, 2019-11-23 14:10:05) <-- (may instantiate this module)
                        C:\Users\Administrator.1FIX62AK6M9QF8G\Desktop\fpga\my_video_v5.0b\ipcore\fifo_38i_38o\rtl\ipml_fifo_v1_4_fifo_38i_38o.v (N/A, 2019-11-23 14:10:04) <-- (module definition)
                        C:\Users\Administrator.1FIX62AK6M9QF8G\Desktop\fpga\my_video_v5.0b\source\test\pixel_read_block_filt_V2.0.v (N/A, 2019-11-23 15:52:10) <-- (may instantiate this module)
                        C:\Users\Administrator.1FIX62AK6M9QF8G\Desktop\fpga\my_video_v5.0b\source\top.v (N/A, 2019-11-23 17:50:23) <-- (may instantiate this module)
35       work.ipml_mult_v1_1.verilog may have changed because the following files changed:
                        C:\Users\Administrator.1FIX62AK6M9QF8G\Desktop\fpga\my_video_v5.0b\ipcore\APM_11mult11\APM_11mult11.v (N/A, 2019-10-15 00:53:40) <-- (may instantiate this module)
                        C:\Users\Administrator.1FIX62AK6M9QF8G\Desktop\fpga\my_video_v5.0b\ipcore\APM_11mult11\rtl\ipml_mult_v1_1.v (N/A, 2019-10-15 00:53:40) <-- (module definition)
                        C:\Users\Administrator.1FIX62AK6M9QF8G\Desktop\fpga\my_video_v5.0b\ipcore\APM_s16_mult_us8\APM_s16_mult_us8.v (N/A, 2019-11-20 15:56:55) <-- (may instantiate this module)
                        C:\Users\Administrator.1FIX62AK6M9QF8G\Desktop\fpga\my_video_v5.0b\ipcore\APM_s8_mult_us8\APM_s8_mult_us8.v (N/A, 2019-11-20 15:54:00) <-- (may instantiate this module)
                        C:\Users\Administrator.1FIX62AK6M9QF8G\Desktop\fpga\my_video_v5.0b\source\test\calculate_ddr3_addr_block.v (N/A, 2019-11-16 15:51:31) <-- (may instantiate this module)
                        C:\Users\Administrator.1FIX62AK6M9QF8G\Desktop\fpga\my_video_v5.0b\source\test\pixel_filter_v2.0.v (N/A, 2019-11-23 17:02:24) <-- (may instantiate this module)
                        C:\Users\Administrator.1FIX62AK6M9QF8G\Desktop\fpga\my_video_v5.0b\source\test\pixel_read_block_filt_V2.0.v (N/A, 2019-11-23 15:52:10) <-- (may instantiate this module)
                        C:\Users\Administrator.1FIX62AK6M9QF8G\Desktop\fpga\my_video_v5.0b\source\top.v (N/A, 2019-11-23 17:50:23) <-- (may instantiate this module)
36       work.ipml_multadd_v1_1.verilog may have changed because the following files changed:
                        C:\Users\Administrator.1FIX62AK6M9QF8G\Desktop\fpga\my_video_v5.0b\ipcore\APM_multi_add_s16\APM_multi_add_s16.v (N/A, 2019-11-10 21:23:54) <-- (may instantiate this module)
                        C:\Users\Administrator.1FIX62AK6M9QF8G\Desktop\fpga\my_video_v5.0b\ipcore\APM_multi_add_s16\rtl\ipml_multadd_v1_1.v (N/A, 2019-11-10 21:23:54) <-- (module definition)
                        C:\Users\Administrator.1FIX62AK6M9QF8G\Desktop\fpga\my_video_v5.0b\source\test\gen_addr_filt.v (N/A, 2019-11-23 16:22:52) <-- (may instantiate this module)
                        C:\Users\Administrator.1FIX62AK6M9QF8G\Desktop\fpga\my_video_v5.0b\source\top.v (N/A, 2019-11-23 17:50:23) <-- (may instantiate this module)
83       work.ipml_rom_v1_3_osd_rom.verilog may have changed because the following files changed:
                        C:\Users\Administrator.1FIX62AK6M9QF8G\Desktop\fpga\my_video_v5.0b\ipcore\osd_rom\osd_rom.v (N/A, 2019-11-16 20:19:38) <-- (may instantiate this module)
                        C:\Users\Administrator.1FIX62AK6M9QF8G\Desktop\fpga\my_video_v5.0b\ipcore\osd_rom\rtl\ipml_rom_v1_3_osd_rom.v (N/A, 2019-11-16 20:19:38) <-- (module definition)
                        C:\Users\Administrator.1FIX62AK6M9QF8G\Desktop\fpga\my_video_v5.0b\source\osd\soure\osd_display_angle.v (N/A, 2019-11-17 18:59:12) <-- (may instantiate this module)
                        C:\Users\Administrator.1FIX62AK6M9QF8G\Desktop\fpga\my_video_v5.0b\source\top.v (N/A, 2019-11-23 17:50:23) <-- (may instantiate this module)
37       work.ipml_sdpram_v1_4_afifo_16i_64o_512.verilog may have changed because the following files changed:
                        C:\Users\Administrator.1FIX62AK6M9QF8G\Desktop\fpga\my_video_v5.0b\ipcore\afifo_16i_64o_512\afifo_16i_64o_512.v (N/A, 2019-11-18 17:07:15) <-- (may instantiate this module)
                        C:\Users\Administrator.1FIX62AK6M9QF8G\Desktop\fpga\my_video_v5.0b\ipcore\afifo_16i_64o_512\rtl\ipml_fifo_v1_4_afifo_16i_64o_512.v (N/A, 2019-11-18 17:07:15) <-- (may instantiate this module)
                        C:\Users\Administrator.1FIX62AK6M9QF8G\Desktop\fpga\my_video_v5.0b\ipcore\afifo_16i_64o_512\rtl\ipml_sdpram_v1_4_afifo_16i_64o_512.v (N/A, 2019-11-18 17:07:15) <-- (module definition)
                        C:\Users\Administrator.1FIX62AK6M9QF8G\Desktop\fpga\my_video_v5.0b\source\frame_read_write.v (N/A, 2019-11-19 11:15:13) <-- (may instantiate this module)
                        C:\Users\Administrator.1FIX62AK6M9QF8G\Desktop\fpga\my_video_v5.0b\source\top.v (N/A, 2019-11-23 17:50:23) <-- (may instantiate this module)
38       work.ipml_sdpram_v1_4_afifo_64i_16o_128.verilog may have changed because the following files changed:
                        C:\Users\Administrator.1FIX62AK6M9QF8G\Desktop\fpga\my_video_v5.0b\ipcore\afifo_64i_16o_128\afifo_64i_16o_128.v (N/A, 2019-09-27 11:50:56) <-- (may instantiate this module)
                        C:\Users\Administrator.1FIX62AK6M9QF8G\Desktop\fpga\my_video_v5.0b\ipcore\afifo_64i_16o_128\rtl\ipml_fifo_v1_4_afifo_64i_16o_128.v (N/A, 2019-09-27 11:50:56) <-- (may instantiate this module)
                        C:\Users\Administrator.1FIX62AK6M9QF8G\Desktop\fpga\my_video_v5.0b\ipcore\afifo_64i_16o_128\rtl\ipml_sdpram_v1_4_afifo_64i_16o_128.v (N/A, 2019-09-27 11:50:56) <-- (module definition)
                        C:\Users\Administrator.1FIX62AK6M9QF8G\Desktop\fpga\my_video_v5.0b\source\frame_read_write.v (N/A, 2019-11-19 11:15:13) <-- (may instantiate this module)
                        C:\Users\Administrator.1FIX62AK6M9QF8G\Desktop\fpga\my_video_v5.0b\source\test\my_frame_read_write.v (N/A, 2019-11-19 16:46:48) <-- (may instantiate this module)
                        C:\Users\Administrator.1FIX62AK6M9QF8G\Desktop\fpga\my_video_v5.0b\source\top.v (N/A, 2019-11-23 17:50:23) <-- (may instantiate this module)
72       work.ipml_sdpram_v1_4_afifo_64i_64o_512.verilog may have changed because the following files changed:
                        C:\Users\Administrator.1FIX62AK6M9QF8G\Desktop\fpga\my_video_v5.0b\ipcore\afifo_64i_64o_512\afifo_64i_64o_512.v (N/A, 2019-11-19 18:21:19) <-- (may instantiate this module)
                        C:\Users\Administrator.1FIX62AK6M9QF8G\Desktop\fpga\my_video_v5.0b\ipcore\afifo_64i_64o_512\rtl\ipml_fifo_v1_4_afifo_64i_64o_512.v (N/A, 2019-11-19 18:21:19) <-- (may instantiate this module)
                        C:\Users\Administrator.1FIX62AK6M9QF8G\Desktop\fpga\my_video_v5.0b\ipcore\afifo_64i_64o_512\rtl\ipml_sdpram_v1_4_afifo_64i_64o_512.v (N/A, 2019-11-19 18:21:19) <-- (module definition)
                        C:\Users\Administrator.1FIX62AK6M9QF8G\Desktop\fpga\my_video_v5.0b\source\test\my_frame_read_write.v (N/A, 2019-11-19 16:46:48) <-- (may instantiate this module)
                        C:\Users\Administrator.1FIX62AK6M9QF8G\Desktop\fpga\my_video_v5.0b\source\top.v (N/A, 2019-11-23 17:50:23) <-- (may instantiate this module)
101      work.ipml_sdpram_v1_4_fifo_16i_16o.verilog may have changed because the following files changed:
                        C:\Users\Administrator.1FIX62AK6M9QF8G\Desktop\fpga\my_video_v5.0b\ipcore\fifo_16i_16o\fifo_16i_16o.v (N/A, 2019-11-23 15:52:43) <-- (may instantiate this module)
                        C:\Users\Administrator.1FIX62AK6M9QF8G\Desktop\fpga\my_video_v5.0b\ipcore\fifo_16i_16o\rtl\ipml_fifo_v1_4_fifo_16i_16o.v (N/A, 2019-11-23 15:52:43) <-- (may instantiate this module)
                        C:\Users\Administrator.1FIX62AK6M9QF8G\Desktop\fpga\my_video_v5.0b\ipcore\fifo_16i_16o\rtl\ipml_sdpram_v1_4_fifo_16i_16o.v (N/A, 2019-11-23 15:52:43) <-- (module definition)
                        C:\Users\Administrator.1FIX62AK6M9QF8G\Desktop\fpga\my_video_v5.0b\source\test\pixel_read_block_filt_V2.0.v (N/A, 2019-11-23 15:52:10) <-- (may instantiate this module)
                        C:\Users\Administrator.1FIX62AK6M9QF8G\Desktop\fpga\my_video_v5.0b\source\top.v (N/A, 2019-11-23 17:50:23) <-- (may instantiate this module)
40       work.ipml_sdpram_v1_4_fifo_26i_26o.verilog may have changed because the following files changed:
                        C:\Users\Administrator.1FIX62AK6M9QF8G\Desktop\fpga\my_video_v5.0b\ipcore\fifo_26i_26o\fifo_26i_26o.v (N/A, 2019-10-30 13:03:24) <-- (may instantiate this module)
                        C:\Users\Administrator.1FIX62AK6M9QF8G\Desktop\fpga\my_video_v5.0b\ipcore\fifo_26i_26o\rtl\ipml_fifo_v1_4_fifo_26i_26o.v (N/A, 2019-10-30 13:03:24) <-- (may instantiate this module)
                        C:\Users\Administrator.1FIX62AK6M9QF8G\Desktop\fpga\my_video_v5.0b\ipcore\fifo_26i_26o\rtl\ipml_sdpram_v1_4_fifo_26i_26o.v (N/A, 2019-10-30 13:03:24) <-- (module definition)
                        C:\Users\Administrator.1FIX62AK6M9QF8G\Desktop\fpga\my_video_v5.0b\source\test\pixel_read_block_filt_V2.0.v (N/A, 2019-11-23 15:52:10) <-- (may instantiate this module)
                        C:\Users\Administrator.1FIX62AK6M9QF8G\Desktop\fpga\my_video_v5.0b\source\top.v (N/A, 2019-11-23 17:50:23) <-- (may instantiate this module)
107      work.ipml_sdpram_v1_4_fifo_38i_38o.verilog may have changed because the following files changed:
                        C:\Users\Administrator.1FIX62AK6M9QF8G\Desktop\fpga\my_video_v5.0b\ipcore\fifo_38i_38o\fifo_38i_38o.v (N/A, 2019-11-23 14:10:05) <-- (may instantiate this module)
                        C:\Users\Administrator.1FIX62AK6M9QF8G\Desktop\fpga\my_video_v5.0b\ipcore\fifo_38i_38o\rtl\ipml_fifo_v1_4_fifo_38i_38o.v (N/A, 2019-11-23 14:10:04) <-- (may instantiate this module)
                        C:\Users\Administrator.1FIX62AK6M9QF8G\Desktop\fpga\my_video_v5.0b\ipcore\fifo_38i_38o\rtl\ipml_sdpram_v1_4_fifo_38i_38o.v (N/A, 2019-11-23 14:10:04) <-- (module definition)
                        C:\Users\Administrator.1FIX62AK6M9QF8G\Desktop\fpga\my_video_v5.0b\source\test\pixel_read_block_filt_V2.0.v (N/A, 2019-11-23 15:52:10) <-- (may instantiate this module)
                        C:\Users\Administrator.1FIX62AK6M9QF8G\Desktop\fpga\my_video_v5.0b\source\top.v (N/A, 2019-11-23 17:50:23) <-- (may instantiate this module)
84       work.ipml_spram_v1_3_osd_rom.verilog may have changed because the following files changed:
                        C:\Users\Administrator.1FIX62AK6M9QF8G\Desktop\fpga\my_video_v5.0b\ipcore\osd_rom\osd_rom.v (N/A, 2019-11-16 20:19:38) <-- (may instantiate this module)
                        C:\Users\Administrator.1FIX62AK6M9QF8G\Desktop\fpga\my_video_v5.0b\ipcore\osd_rom\rtl\ipml_rom_v1_3_osd_rom.v (N/A, 2019-11-16 20:19:38) <-- (may instantiate this module)
                        C:\Users\Administrator.1FIX62AK6M9QF8G\Desktop\fpga\my_video_v5.0b\ipcore\osd_rom\rtl\ipml_spram_v1_3_osd_rom.v (N/A, 2019-11-16 20:19:38) <-- (module definition)
                        C:\Users\Administrator.1FIX62AK6M9QF8G\Desktop\fpga\my_video_v5.0b\source\osd\soure\osd_display_angle.v (N/A, 2019-11-17 18:59:12) <-- (may instantiate this module)
                        C:\Users\Administrator.1FIX62AK6M9QF8G\Desktop\fpga\my_video_v5.0b\source\top.v (N/A, 2019-11-23 17:50:23) <-- (may instantiate this module)
41       work.ipsl_ddrc_apb_reset.verilog may have changed because the following files changed:
                        C:\Users\Administrator.1FIX62AK6M9QF8G\Desktop\fpga\my_video_v5.0b\ipcore\ddr3\ddr3.v (N/A, 2019-11-19 16:47:34) <-- (may instantiate this module)
                        C:\Users\Administrator.1FIX62AK6M9QF8G\Desktop\fpga\my_video_v5.0b\ipcore\ddr3\rtl\ipsl_ddrc_apb_reset.v (N/A, 2019-11-14 23:47:04) <-- (module definition)
                        C:\Users\Administrator.1FIX62AK6M9QF8G\Desktop\fpga\my_video_v5.0b\ipcore\ddr3\rtl\ipsl_ddrc_reset_ctrl.v (N/A, 2019-11-14 23:47:04) <-- (may instantiate this module)
                        C:\Users\Administrator.1FIX62AK6M9QF8G\Desktop\fpga\my_video_v5.0b\ipcore\ddr3\rtl\ipsl_hmemc_ddrc_top.v (N/A, 2019-11-14 23:47:04) <-- (may instantiate this module)
                        C:\Users\Administrator.1FIX62AK6M9QF8G\Desktop\fpga\my_video_v5.0b\source\top.v (N/A, 2019-11-23 17:50:23) <-- (may instantiate this module)
42       work.ipsl_ddrc_reset_ctrl.verilog may have changed because the following files changed:
                        C:\Users\Administrator.1FIX62AK6M9QF8G\Desktop\fpga\my_video_v5.0b\ipcore\ddr3\ddr3.v (N/A, 2019-11-19 16:47:34) <-- (may instantiate this module)
                        C:\Users\Administrator.1FIX62AK6M9QF8G\Desktop\fpga\my_video_v5.0b\ipcore\ddr3\rtl\ipsl_ddrc_reset_ctrl.v (N/A, 2019-11-14 23:47:04) <-- (module definition)
                        C:\Users\Administrator.1FIX62AK6M9QF8G\Desktop\fpga\my_video_v5.0b\ipcore\ddr3\rtl\ipsl_hmemc_ddrc_top.v (N/A, 2019-11-14 23:47:04) <-- (may instantiate this module)
                        C:\Users\Administrator.1FIX62AK6M9QF8G\Desktop\fpga\my_video_v5.0b\source\top.v (N/A, 2019-11-23 17:50:23) <-- (may instantiate this module)
43       work.ipsl_ddrphy_dll_update_ctrl.verilog may have changed because the following files changed:
                        C:\Users\Administrator.1FIX62AK6M9QF8G\Desktop\fpga\my_video_v5.0b\ipcore\ddr3\ddr3.v (N/A, 2019-11-19 16:47:34) <-- (may instantiate this module)
                        C:\Users\Administrator.1FIX62AK6M9QF8G\Desktop\fpga\my_video_v5.0b\ipcore\ddr3\rtl\ipsl_ddrphy_dll_update_ctrl.v (N/A, 2019-11-14 23:47:04) <-- (module definition)
                        C:\Users\Administrator.1FIX62AK6M9QF8G\Desktop\fpga\my_video_v5.0b\ipcore\ddr3\rtl\ipsl_hmemc_phy_top.v (N/A, 2019-11-14 23:47:04) <-- (may instantiate this module)
                        C:\Users\Administrator.1FIX62AK6M9QF8G\Desktop\fpga\my_video_v5.0b\source\top.v (N/A, 2019-11-23 17:50:23) <-- (may instantiate this module)
44       work.ipsl_ddrphy_reset_ctrl.verilog may have changed because the following files changed:
                        C:\Users\Administrator.1FIX62AK6M9QF8G\Desktop\fpga\my_video_v5.0b\ipcore\ddr3\ddr3.v (N/A, 2019-11-19 16:47:34) <-- (may instantiate this module)
                        C:\Users\Administrator.1FIX62AK6M9QF8G\Desktop\fpga\my_video_v5.0b\ipcore\ddr3\rtl\ipsl_ddrphy_reset_ctrl.v (N/A, 2019-11-14 23:47:04) <-- (module definition)
                        C:\Users\Administrator.1FIX62AK6M9QF8G\Desktop\fpga\my_video_v5.0b\ipcore\ddr3\rtl\ipsl_hmemc_phy_top.v (N/A, 2019-11-14 23:47:04) <-- (may instantiate this module)
                        C:\Users\Administrator.1FIX62AK6M9QF8G\Desktop\fpga\my_video_v5.0b\source\top.v (N/A, 2019-11-23 17:50:23) <-- (may instantiate this module)
45       work.ipsl_ddrphy_training_ctrl.verilog may have changed because the following files changed:
                        C:\Users\Administrator.1FIX62AK6M9QF8G\Desktop\fpga\my_video_v5.0b\ipcore\ddr3\ddr3.v (N/A, 2019-11-19 16:47:34) <-- (may instantiate this module)
                        C:\Users\Administrator.1FIX62AK6M9QF8G\Desktop\fpga\my_video_v5.0b\ipcore\ddr3\rtl\ipsl_ddrphy_training_ctrl.v (N/A, 2019-11-14 23:47:04) <-- (module definition)
                        C:\Users\Administrator.1FIX62AK6M9QF8G\Desktop\fpga\my_video_v5.0b\ipcore\ddr3\rtl\ipsl_hmemc_phy_top.v (N/A, 2019-11-14 23:47:04) <-- (may instantiate this module)
                        C:\Users\Administrator.1FIX62AK6M9QF8G\Desktop\fpga\my_video_v5.0b\source\top.v (N/A, 2019-11-23 17:50:23) <-- (may instantiate this module)
46       work.ipsl_ddrphy_update_ctrl.verilog may have changed because the following files changed:
                        C:\Users\Administrator.1FIX62AK6M9QF8G\Desktop\fpga\my_video_v5.0b\ipcore\ddr3\ddr3.v (N/A, 2019-11-19 16:47:34) <-- (may instantiate this module)
                        C:\Users\Administrator.1FIX62AK6M9QF8G\Desktop\fpga\my_video_v5.0b\ipcore\ddr3\rtl\ipsl_ddrphy_update_ctrl.v (N/A, 2019-11-14 23:47:04) <-- (module definition)
                        C:\Users\Administrator.1FIX62AK6M9QF8G\Desktop\fpga\my_video_v5.0b\ipcore\ddr3\rtl\ipsl_hmemc_phy_top.v (N/A, 2019-11-14 23:47:04) <-- (may instantiate this module)
                        C:\Users\Administrator.1FIX62AK6M9QF8G\Desktop\fpga\my_video_v5.0b\source\top.v (N/A, 2019-11-23 17:50:23) <-- (may instantiate this module)
47       work.ipsl_hmemc_ddrc_top.verilog may have changed because the following files changed:
                        C:\Users\Administrator.1FIX62AK6M9QF8G\Desktop\fpga\my_video_v5.0b\ipcore\ddr3\ddr3.v (N/A, 2019-11-19 16:47:34) <-- (may instantiate this module)
                        C:\Users\Administrator.1FIX62AK6M9QF8G\Desktop\fpga\my_video_v5.0b\ipcore\ddr3\rtl\ipsl_hmemc_ddrc_top.v (N/A, 2019-11-14 23:47:04) <-- (module definition)
                        C:\Users\Administrator.1FIX62AK6M9QF8G\Desktop\fpga\my_video_v5.0b\source\top.v (N/A, 2019-11-23 17:50:23) <-- (may instantiate this module)
48       work.ipsl_hmemc_phy_top.verilog may have changed because the following files changed:
                        C:\Users\Administrator.1FIX62AK6M9QF8G\Desktop\fpga\my_video_v5.0b\ipcore\ddr3\ddr3.v (N/A, 2019-11-19 16:47:34) <-- (may instantiate this module)
                        C:\Users\Administrator.1FIX62AK6M9QF8G\Desktop\fpga\my_video_v5.0b\ipcore\ddr3\rtl\ipsl_hmemc_phy_top.v (N/A, 2019-11-14 23:47:04) <-- (module definition)
                        C:\Users\Administrator.1FIX62AK6M9QF8G\Desktop\fpga\my_video_v5.0b\source\top.v (N/A, 2019-11-23 17:50:23) <-- (may instantiate this module)
49       work.ipsl_phy_io.verilog may have changed because the following files changed:
                        C:\Users\Administrator.1FIX62AK6M9QF8G\Desktop\fpga\my_video_v5.0b\ipcore\ddr3\ddr3.v (N/A, 2019-11-19 16:47:34) <-- (may instantiate this module)
                        C:\Users\Administrator.1FIX62AK6M9QF8G\Desktop\fpga\my_video_v5.0b\ipcore\ddr3\rtl\ipsl_hmemc_phy_top.v (N/A, 2019-11-14 23:47:04) <-- (may instantiate this module)
                        C:\Users\Administrator.1FIX62AK6M9QF8G\Desktop\fpga\my_video_v5.0b\ipcore\ddr3\rtl\ipsl_phy_io.v (N/A, 2019-11-14 23:47:04) <-- (module definition)
                        C:\Users\Administrator.1FIX62AK6M9QF8G\Desktop\fpga\my_video_v5.0b\source\top.v (N/A, 2019-11-23 17:50:23) <-- (may instantiate this module)
108      work.key_adj_angle.verilog may have changed because the following files changed:
                        C:\Users\Administrator.1FIX62AK6M9QF8G\Desktop\fpga\my_video_v5.0b\source\test\key_adj_angle.v (N/A, 2019-11-23 12:34:14) <-- (module definition)
                        C:\Users\Administrator.1FIX62AK6M9QF8G\Desktop\fpga\my_video_v5.0b\source\top.v (N/A, 2019-11-23 17:50:23) <-- (may instantiate this module)
73       work.linebuffer.rtl may have changed because the following files changed:
                        C:\Users\Administrator.1FIX62AK6M9QF8G\Desktop\fpga\my_video_v5.0b\source\img_buf\ImageXlib_arch.vhd (N/A, 2017-01-14 22:50:11) <-- (architecture and entity definition)
                        C:\Users\Administrator.1FIX62AK6M9QF8G\Desktop\fpga\my_video_v5.0b\source\img_buf\linebuffer_Wapper.vhd (N/A, 2017-01-14 22:50:12) <-- (may instantiate this module)
                        C:\Users\Administrator.1FIX62AK6M9QF8G\Desktop\fpga\my_video_v5.0b\source\test\pixel_to_block.v (N/A, 2019-11-17 19:21:11) <-- (may instantiate this module)
                        C:\Users\Administrator.1FIX62AK6M9QF8G\Desktop\fpga\my_video_v5.0b\source\top.v (N/A, 2019-11-23 17:50:23) <-- (may instantiate this module)
75       work.linebuffer_wapper.rtl may have changed because the following files changed:
                        C:\Users\Administrator.1FIX62AK6M9QF8G\Desktop\fpga\my_video_v5.0b\source\img_buf\linebuffer_Wapper.vhd (N/A, 2017-01-14 22:50:12) <-- (architecture and entity definition)
                        C:\Users\Administrator.1FIX62AK6M9QF8G\Desktop\fpga\my_video_v5.0b\source\test\pixel_to_block.v (N/A, 2019-11-17 19:21:11) <-- (may instantiate this module)
                        C:\Users\Administrator.1FIX62AK6M9QF8G\Desktop\fpga\my_video_v5.0b\source\top.v (N/A, 2019-11-23 17:50:23) <-- (may instantiate this module)
50       work.lut_ov5640_rgb565_1280_960.verilog may have changed because the following files changed:
                        C:\Users\Administrator.1FIX62AK6M9QF8G\Desktop\fpga\my_video_v5.0b\source\test\my_lut_ov5640_rgb565_1280_960.v (N/A, 2019-11-19 18:21:29) <-- (module definition)
                        C:\Users\Administrator.1FIX62AK6M9QF8G\Desktop\fpga\my_video_v5.0b\source\top.v (N/A, 2019-11-23 17:50:23) <-- (may instantiate this module)
51       work.lut_sin_cos.verilog may have changed because the following files changed:
                        C:\Users\Administrator.1FIX62AK6M9QF8G\Desktop\fpga\my_video_v5.0b\source\test\lut_sin_cos.v (N/A, 2019-11-11 12:31:23) <-- (module definition)
                        C:\Users\Administrator.1FIX62AK6M9QF8G\Desktop\fpga\my_video_v5.0b\source\top.v (N/A, 2019-11-23 17:50:23) <-- (may instantiate this module)
77       work.mc_h_pipe.rtl may have changed because the following files changed:
                        C:\Users\Administrator.1FIX62AK6M9QF8G\Desktop\fpga\my_video_v5.0b\source\img_buf\ImageXlib_arch.vhd (N/A, 2017-01-14 22:50:11) <-- (architecture and entity definition)
                        C:\Users\Administrator.1FIX62AK6M9QF8G\Desktop\fpga\my_video_v5.0b\source\img_buf\linebuffer_Wapper.vhd (N/A, 2017-01-14 22:50:12) <-- (may instantiate this module)
                        C:\Users\Administrator.1FIX62AK6M9QF8G\Desktop\fpga\my_video_v5.0b\source\test\pixel_to_block.v (N/A, 2019-11-17 19:21:11) <-- (may instantiate this module)
                        C:\Users\Administrator.1FIX62AK6M9QF8G\Desktop\fpga\my_video_v5.0b\source\top.v (N/A, 2019-11-23 17:50:23) <-- (may instantiate this module)
52       work.my_aq_axi_master.verilog may have changed because the following files changed:
                        C:\Users\Administrator.1FIX62AK6M9QF8G\Desktop\fpga\my_video_v5.0b\source\test\my_aq_axi_master.v (N/A, 2019-10-29 16:26:40) <-- (module definition)
                        C:\Users\Administrator.1FIX62AK6M9QF8G\Desktop\fpga\my_video_v5.0b\source\top.v (N/A, 2019-11-23 17:50:23) <-- (may instantiate this module)
79       work.my_frame_read_write.verilog may have changed because the following files changed:
                        C:\Users\Administrator.1FIX62AK6M9QF8G\Desktop\fpga\my_video_v5.0b\source\test\my_frame_read_write.v (N/A, 2019-11-19 16:46:48) <-- (module definition)
                        C:\Users\Administrator.1FIX62AK6M9QF8G\Desktop\fpga\my_video_v5.0b\source\top.v (N/A, 2019-11-23 17:50:23) <-- (may instantiate this module)
85       work.osd_display_angle.verilog may have changed because the following files changed:
                        C:\Users\Administrator.1FIX62AK6M9QF8G\Desktop\fpga\my_video_v5.0b\source\osd\soure\osd_display_angle.v (N/A, 2019-11-17 18:59:12) <-- (module definition)
                        C:\Users\Administrator.1FIX62AK6M9QF8G\Desktop\fpga\my_video_v5.0b\source\top.v (N/A, 2019-11-23 17:50:23) <-- (may instantiate this module)
86       work.osd_rom.verilog may have changed because the following files changed:
                        C:\Users\Administrator.1FIX62AK6M9QF8G\Desktop\fpga\my_video_v5.0b\ipcore\osd_rom\osd_rom.v (N/A, 2019-11-16 20:19:38) <-- (module definition)
                        C:\Users\Administrator.1FIX62AK6M9QF8G\Desktop\fpga\my_video_v5.0b\source\osd\soure\osd_display_angle.v (N/A, 2019-11-17 18:59:12) <-- (may instantiate this module)
                        C:\Users\Administrator.1FIX62AK6M9QF8G\Desktop\fpga\my_video_v5.0b\source\top.v (N/A, 2019-11-23 17:50:23) <-- (may instantiate this module)
93       work.pixel_filter.verilog may have changed because the following files changed:
                        C:\Users\Administrator.1FIX62AK6M9QF8G\Desktop\fpga\my_video_v5.0b\source\test\pixel_filter_v2.0.v (N/A, 2019-11-23 17:02:24) <-- (module definition)
                        C:\Users\Administrator.1FIX62AK6M9QF8G\Desktop\fpga\my_video_v5.0b\source\top.v (N/A, 2019-11-23 17:50:23) <-- (may instantiate this module)
104      work.pixel_read_block_filt.verilog may have changed because the following files changed:
                        C:\Users\Administrator.1FIX62AK6M9QF8G\Desktop\fpga\my_video_v5.0b\source\test\pixel_read_block_filt_V2.0.v (N/A, 2019-11-23 15:52:10) <-- (module definition)
                        C:\Users\Administrator.1FIX62AK6M9QF8G\Desktop\fpga\my_video_v5.0b\source\top.v (N/A, 2019-11-23 17:50:23) <-- (may instantiate this module)
81       work.pixel_to_block.verilog may have changed because the following files changed:
                        C:\Users\Administrator.1FIX62AK6M9QF8G\Desktop\fpga\my_video_v5.0b\source\test\pixel_to_block.v (N/A, 2019-11-17 19:21:11) <-- (module definition)
                        C:\Users\Administrator.1FIX62AK6M9QF8G\Desktop\fpga\my_video_v5.0b\source\top.v (N/A, 2019-11-23 17:50:23) <-- (may instantiate this module)
54       work.pll_50_400.verilog may have changed because the following files changed:
                        C:\Users\Administrator.1FIX62AK6M9QF8G\Desktop\fpga\my_video_v5.0b\ipcore\ddr3\ddr3.v (N/A, 2019-11-19 16:47:34) <-- (may instantiate this module)
                        C:\Users\Administrator.1FIX62AK6M9QF8G\Desktop\fpga\my_video_v5.0b\ipcore\ddr3\rtl\pll\pll_50_400.v (N/A, 2019-11-19 16:47:34) <-- (module definition)
                        C:\Users\Administrator.1FIX62AK6M9QF8G\Desktop\fpga\my_video_v5.0b\source\top.v (N/A, 2019-11-23 17:50:23) <-- (may instantiate this module)
55       work.serdes_4b_10to1.verilog may have changed because the following files changed:
                        C:\Users\Administrator.1FIX62AK6M9QF8G\Desktop\fpga\my_video_v5.0b\source\dvi_tx\dvi_encoder.v (N/A, 2018-02-28 18:33:24) <-- (may instantiate this module)
                        C:\Users\Administrator.1FIX62AK6M9QF8G\Desktop\fpga\my_video_v5.0b\source\dvi_tx\serdes_4b_10to1.v (N/A, 2019-05-06 16:15:18) <-- (module definition)
                        C:\Users\Administrator.1FIX62AK6M9QF8G\Desktop\fpga\my_video_v5.0b\source\top.v (N/A, 2019-11-23 17:50:23) <-- (may instantiate this module)
87       work.timing_gen_xy.verilog may have changed because the following files changed:
                        C:\Users\Administrator.1FIX62AK6M9QF8G\Desktop\fpga\my_video_v5.0b\source\osd\soure\osd_display_angle.v (N/A, 2019-11-17 18:59:12) <-- (may instantiate this module)
                        C:\Users\Administrator.1FIX62AK6M9QF8G\Desktop\fpga\my_video_v5.0b\source\osd\soure\timing_gen_xy.v (N/A, 2019-05-14 09:19:29) <-- (module definition)
                        C:\Users\Administrator.1FIX62AK6M9QF8G\Desktop\fpga\my_video_v5.0b\source\top.v (N/A, 2019-11-23 17:50:23) <-- (may instantiate this module)
56       work.top.verilog may have changed because the following files changed:
                        C:\Users\Administrator.1FIX62AK6M9QF8G\Desktop\fpga\my_video_v5.0b\source\top.v (N/A, 2019-11-23 17:50:23) <-- (module definition)
57       work.usart_tx_rx.verilog may have changed because the following files changed:
                        C:\Users\Administrator.1FIX62AK6M9QF8G\Desktop\fpga\my_video_v5.0b\source\test\usart_tx_rx.v (N/A, 2019-11-13 17:25:51) <-- (module definition)
                        C:\Users\Administrator.1FIX62AK6M9QF8G\Desktop\fpga\my_video_v5.0b\source\top.v (N/A, 2019-11-23 17:50:23) <-- (may instantiate this module)
58       work.video_pll.verilog may have changed because the following files changed:
                        C:\Users\Administrator.1FIX62AK6M9QF8G\Desktop\fpga\my_video_v5.0b\ipcore\video_pll\video_pll.v (N/A, 2019-11-11 23:05:51) <-- (module definition)
                        C:\Users\Administrator.1FIX62AK6M9QF8G\Desktop\fpga\my_video_v5.0b\source\top.v (N/A, 2019-11-23 17:50:23) <-- (may instantiate this module)
59       work.video_timing_data.verilog may have changed because the following files changed:
                        C:\Users\Administrator.1FIX62AK6M9QF8G\Desktop\fpga\my_video_v5.0b\source\dvi_tx\video_timing_data.v (N/A, 2017-07-25 12:32:56) <-- (module definition)
                        C:\Users\Administrator.1FIX62AK6M9QF8G\Desktop\fpga\my_video_v5.0b\source\top.v (N/A, 2019-11-23 17:50:23) <-- (may instantiate this module)

*******************************************************************
Unmodified files: 15
FID:  path (timestamp)
62       C:\pango\PDS_2019.1-patch11\syn\lib\generic\logos.v (2019-06-17 17:37:32)
138      C:\pango\PDS_2019.1-patch11\syn\lib\vhd\arith.vhd (2019-06-17 17:37:44)
139      C:\pango\PDS_2019.1-patch11\syn\lib\vhd\hyperents.vhd (2019-06-17 17:37:44)
140      C:\pango\PDS_2019.1-patch11\syn\lib\vhd\location.map (2019-06-17 17:37:44)
141      C:\pango\PDS_2019.1-patch11\syn\lib\vhd\numeric.vhd (2019-06-17 17:37:44)
142      C:\pango\PDS_2019.1-patch11\syn\lib\vhd\signed.vhd (2019-06-17 17:37:44)
143      C:\pango\PDS_2019.1-patch11\syn\lib\vhd\snps_haps_pkg.vhd (2019-06-17 17:37:44)
144      C:\pango\PDS_2019.1-patch11\syn\lib\vhd\std.vhd (2019-06-17 17:37:44)
145      C:\pango\PDS_2019.1-patch11\syn\lib\vhd\std1164.vhd (2019-06-17 17:37:44)
146      C:\pango\PDS_2019.1-patch11\syn\lib\vhd\umr_capim.vhd (2019-06-17 17:37:44)
147      C:\pango\PDS_2019.1-patch11\syn\lib\vhd\unsigned.vhd (2019-06-17 17:37:44)
63       C:\pango\PDS_2019.1-patch11\syn\lib\vlog\hypermods.v (2019-06-17 17:37:44)
64       C:\pango\PDS_2019.1-patch11\syn\lib\vlog\scemi_objects.v (2019-06-17 17:37:44)
65       C:\pango\PDS_2019.1-patch11\syn\lib\vlog\scemi_pipes.svh (2019-06-17 17:37:44)
66       C:\pango\PDS_2019.1-patch11\syn\lib\vlog\umr_capim.v (2019-06-17 17:37:44)

*******************************************************************
Unchanged modules: 0
MID:  lib.cell.view
